<?xml version="1.0" encoding="ISO-8859-1" ?>
<link_info>
   <banner>TI ARM Linker PC v18.1.3.LTS</banner>
   <copyright>Copyright (c) 1996-2017 Texas Instruments Incorporated</copyright>
   <link_time>0x5c1c03e0</link_time>
   <link_errors>0x0</link_errors>
   <output_file>P1_Draft.out</output_file>
   <entry_point>
      <name>_c_int00_noargs</name>
      <address>0x1821</address>
   </entry_point>
   <input_file_list>
      <input_file id="fl-2">
         <path>.\</path>
         <kind>object</kind>
         <file>colors.obj</file>
         <name>colors.obj</name>
      </input_file>
      <input_file id="fl-3">
         <path>.\</path>
         <kind>object</kind>
         <file>main.obj</file>
         <name>main.obj</name>
      </input_file>
      <input_file id="fl-4">
         <path>.\</path>
         <kind>object</kind>
         <file>system_msp432p401r.obj</file>
         <name>system_msp432p401r.obj</name>
      </input_file>
      <input_file id="fl-5">
         <path>.\LcdDriver\</path>
         <kind>object</kind>
         <file>Crystalfontz128x128_ST7735.obj</file>
         <name>Crystalfontz128x128_ST7735.obj</name>
      </input_file>
      <input_file id="fl-6">
         <path>.\LcdDriver\</path>
         <kind>object</kind>
         <file>HAL_MSP_EXP432P401R_Crystalfontz128x128_ST7735.obj</file>
         <name>HAL_MSP_EXP432P401R_Crystalfontz128x128_ST7735.obj</name>
      </input_file>
      <input_file id="fl-7">
         <path>.\ccs\</path>
         <kind>object</kind>
         <file>startup_msp432p401r_ccs.obj</file>
         <name>startup_msp432p401r_ccs.obj</name>
      </input_file>
      <input_file id="fl-8">
         <path>.\fonts\</path>
         <kind>object</kind>
         <file>fontcmtt16.obj</file>
         <name>fontcmtt16.obj</name>
      </input_file>
      <input_file id="fl-12">
         <kind>object</kind>
         <file>&lt;internal&gt;</file>
         <name>&lt;internal&gt;</name>
      </input_file>
      <input_file id="fl-13">
         <path>C:\ti\simplelink_msp432p4_sdk_2_30_00_14\source\ti\grlib\lib\ccs\m4f\</path>
         <kind>archive</kind>
         <file>grlib.a</file>
         <name>context.obj</name>
      </input_file>
      <input_file id="fl-14">
         <path>C:\ti\simplelink_msp432p4_sdk_2_30_00_14\source\ti\grlib\lib\ccs\m4f\</path>
         <kind>archive</kind>
         <file>grlib.a</file>
         <name>display.obj</name>
      </input_file>
      <input_file id="fl-15">
         <path>C:\ti\simplelink_msp432p4_sdk_2_30_00_14\source\ti\grlib\lib\ccs\m4f\</path>
         <kind>archive</kind>
         <file>grlib.a</file>
         <name>fontcmss18b.obj</name>
      </input_file>
      <input_file id="fl-16">
         <path>C:\ti\simplelink_msp432p4_sdk_2_30_00_14\source\ti\grlib\lib\ccs\m4f\</path>
         <kind>archive</kind>
         <file>grlib.a</file>
         <name>rectangle.obj</name>
      </input_file>
      <input_file id="fl-17">
         <path>C:\ti\simplelink_msp432p4_sdk_2_30_00_14\source\ti\grlib\lib\ccs\m4f\</path>
         <kind>archive</kind>
         <file>grlib.a</file>
         <name>string.obj</name>
      </input_file>
      <input_file id="fl-18">
         <path>C:\ti\simplelink_msp432p4_sdk_2_30_00_14\source\ti\grlib\lib\ccs\m4f\</path>
         <kind>archive</kind>
         <file>grlib.a</file>
         <name>line.obj</name>
      </input_file>
      <input_file id="fl-19">
         <path>C:\ti\simplelink_msp432p4_sdk_2_30_00_14\source\ti\devices\msp432p4xx\driverlib\ccs\</path>
         <kind>archive</kind>
         <file>msp432p4xx_driverlib.lib</file>
         <name>gpio.o</name>
      </input_file>
      <input_file id="fl-1a">
         <path>C:\ti\simplelink_msp432p4_sdk_2_30_00_14\source\ti\devices\msp432p4xx\driverlib\ccs\</path>
         <kind>archive</kind>
         <file>msp432p4xx_driverlib.lib</file>
         <name>interrupt.o</name>
      </input_file>
      <input_file id="fl-1b">
         <path>C:\ti\simplelink_msp432p4_sdk_2_30_00_14\source\ti\devices\msp432p4xx\driverlib\ccs\</path>
         <kind>archive</kind>
         <file>msp432p4xx_driverlib.lib</file>
         <name>spi.o</name>
      </input_file>
      <input_file id="fl-1c">
         <path>C:\ti\simplelink_msp432p4_sdk_2_30_00_14\source\ti\devices\msp432p4xx\driverlib\ccs\</path>
         <kind>archive</kind>
         <file>msp432p4xx_driverlib.lib</file>
         <name>wdt_a.o</name>
      </input_file>
      <input_file id="fl-1d">
         <path>C:\ti\simplelink_msp432p4_sdk_2_30_00_14\source\ti\devices\msp432p4xx\driverlib\ccs\</path>
         <kind>archive</kind>
         <file>msp432p4xx_driverlib.lib</file>
         <name>cpu.o</name>
      </input_file>
      <input_file id="fl-1e">
         <path>C:\ti\simplelink_msp432p4_sdk_2_30_00_14\source\ti\devices\msp432p4xx\driverlib\ccs\</path>
         <kind>archive</kind>
         <file>msp432p4xx_driverlib.lib</file>
         <name>sysctl_a.o</name>
      </input_file>
      <input_file id="fl-d4">
         <path>C:\ti\ccv8\ccsv8\tools\compiler\ti-cgt-arm_18.1.3.LTS\lib\</path>
         <kind>archive</kind>
         <file>rtsv7M4_T_le_v4SPD16_eabi.lib</file>
         <name>copy_zero_init.c.obj</name>
      </input_file>
      <input_file id="fl-d5">
         <path>C:\ti\ccv8\ccsv8\tools\compiler\ti-cgt-arm_18.1.3.LTS\lib\</path>
         <kind>archive</kind>
         <file>rtsv7M4_T_le_v4SPD16_eabi.lib</file>
         <name>copy_decompress_none.c.obj</name>
      </input_file>
      <input_file id="fl-d6">
         <path>C:\ti\ccv8\ccsv8\tools\compiler\ti-cgt-arm_18.1.3.LTS\lib\</path>
         <kind>archive</kind>
         <file>rtsv7M4_T_le_v4SPD16_eabi.lib</file>
         <name>copy_decompress_lzss.c.obj</name>
      </input_file>
      <input_file id="fl-d7">
         <path>C:\ti\ccv8\ccsv8\tools\compiler\ti-cgt-arm_18.1.3.LTS\lib\</path>
         <kind>archive</kind>
         <file>rtsv7M4_T_le_v4SPD16_eabi.lib</file>
         <name>rand.c.obj</name>
      </input_file>
      <input_file id="fl-d8">
         <path>C:\ti\ccv8\ccsv8\tools\compiler\ti-cgt-arm_18.1.3.LTS\lib\</path>
         <kind>archive</kind>
         <file>rtsv7M4_T_le_v4SPD16_eabi.lib</file>
         <name>boot_cortex_m.c.obj</name>
      </input_file>
      <input_file id="fl-d9">
         <path>C:\ti\ccv8\ccsv8\tools\compiler\ti-cgt-arm_18.1.3.LTS\lib\</path>
         <kind>archive</kind>
         <file>rtsv7M4_T_le_v4SPD16_eabi.lib</file>
         <name>memset_t2.asm.obj</name>
      </input_file>
      <input_file id="fl-da">
         <path>C:\ti\ccv8\ccsv8\tools\compiler\ti-cgt-arm_18.1.3.LTS\lib\</path>
         <kind>archive</kind>
         <file>rtsv7M4_T_le_v4SPD16_eabi.lib</file>
         <name>memcpy_t2.asm.obj</name>
      </input_file>
      <input_file id="fl-db">
         <path>C:\ti\ccv8\ccsv8\tools\compiler\ti-cgt-arm_18.1.3.LTS\lib\</path>
         <kind>archive</kind>
         <file>rtsv7M4_T_le_v4SPD16_eabi.lib</file>
         <name>autoinit.c.obj</name>
      </input_file>
      <input_file id="fl-dc">
         <path>C:\ti\ccv8\ccsv8\tools\compiler\ti-cgt-arm_18.1.3.LTS\lib\</path>
         <kind>archive</kind>
         <file>rtsv7M4_T_le_v4SPD16_eabi.lib</file>
         <name>pre_init.c.obj</name>
      </input_file>
      <input_file id="fl-dd">
         <path>C:\ti\ccv8\ccsv8\tools\compiler\ti-cgt-arm_18.1.3.LTS\lib\</path>
         <kind>archive</kind>
         <file>rtsv7M4_T_le_v4SPD16_eabi.lib</file>
         <name>cpy_tbl.c.obj</name>
      </input_file>
      <input_file id="fl-de">
         <path>C:\ti\ccv8\ccsv8\tools\compiler\ti-cgt-arm_18.1.3.LTS\lib\</path>
         <kind>archive</kind>
         <file>rtsv7M4_T_le_v4SPD16_eabi.lib</file>
         <name>exit.c.obj</name>
      </input_file>
      <input_file id="fl-df">
         <path>C:\ti\ccv8\ccsv8\tools\compiler\ti-cgt-arm_18.1.3.LTS\lib\</path>
         <kind>archive</kind>
         <file>rtsv7M4_T_le_v4SPD16_eabi.lib</file>
         <name>_lock.c.obj</name>
      </input_file>
      <input_file id="fl-e0">
         <path>C:\ti\ccv8\ccsv8\tools\compiler\ti-cgt-arm_18.1.3.LTS\lib\</path>
         <kind>archive</kind>
         <file>rtsv7M4_T_le_v4SPD16_eabi.lib</file>
         <name>args_main.c.obj</name>
      </input_file>
   </input_file_list>
   <object_component_list>
      <object_component id="oc-23">
         <name>.intvecs:retain</name>
         <load_address>0x0</load_address>
         <run_address>0x0</run_address>
         <size>0xe4</size>
         <input_file_ref idref="fl-7"/>
      </object_component>
      <object_component id="oc-e5">
         <name>.text:Graphics_drawString</name>
         <load_address>0xe4</load_address>
         <run_address>0xe4</run_address>
         <size>0x47e</size>
         <input_file_ref idref="fl-17"/>
      </object_component>
      <object_component id="oc-6a">
         <name>.text:Default_Handler</name>
         <load_address>0x562</load_address>
         <run_address>0x562</run_address>
         <size>0x2</size>
         <input_file_ref idref="fl-7"/>
      </object_component>
      <object_component id="oc-f1">
         <name>.text:BoosterLEDColors</name>
         <load_address>0x564</load_address>
         <run_address>0x564</run_address>
         <size>0x268</size>
         <input_file_ref idref="fl-3"/>
      </object_component>
      <object_component id="oc-24a">
         <name>.text:Crystalfontz128x128_PixelDrawMultiple</name>
         <load_address>0x7cc</load_address>
         <run_address>0x7cc</run_address>
         <size>0x1d8</size>
         <input_file_ref idref="fl-5"/>
      </object_component>
      <object_component id="oc-eb">
         <name>.text:LED2Colors</name>
         <load_address>0x9a4</load_address>
         <run_address>0x9a4</run_address>
         <size>0x148</size>
         <input_file_ref idref="fl-3"/>
      </object_component>
      <object_component id="oc-2be">
         <name>.text:Crystalfontz128x128_SetDrawFrame</name>
         <load_address>0xaec</load_address>
         <run_address>0xaec</run_address>
         <size>0x134</size>
         <input_file_ref idref="fl-5"/>
      </object_component>
      <object_component id="oc-22e">
         <name>.text:Crystalfontz128x128_Init</name>
         <load_address>0xc20</load_address>
         <run_address>0xc20</run_address>
         <size>0x12c</size>
         <input_file_ref idref="fl-5"/>
      </object_component>
      <object_component id="oc-df">
         <name>.text:Graphics_fillRectangle</name>
         <load_address>0xd4c</load_address>
         <run_address>0xd4c</run_address>
         <size>0x112</size>
         <input_file_ref idref="fl-16"/>
      </object_component>
      <object_component id="oc-20c">
         <name>.text:_nop</name>
         <load_address>0xe5e</load_address>
         <run_address>0xe5e</run_address>
         <size>0x2</size>
         <input_file_ref idref="fl-df"/>
      </object_component>
      <object_component id="oc-c7">
         <name>.text:initialize</name>
         <load_address>0xe60</load_address>
         <run_address>0xe60</run_address>
         <size>0x10c</size>
         <input_file_ref idref="fl-3"/>
      </object_component>
      <object_component id="oc-d3">
         <name>.text:RandomColor</name>
         <load_address>0xf6c</load_address>
         <run_address>0xf6c</run_address>
         <size>0xb1</size>
         <input_file_ref idref="fl-2"/>
      </object_component>
      <object_component id="oc-2fa">
         <name>.text:SPI_initMaster</name>
         <load_address>0x101e</load_address>
         <run_address>0x101e</run_address>
         <size>0xb0</size>
         <input_file_ref idref="fl-1b"/>
      </object_component>
      <object_component id="oc-25c">
         <name>.text:Crystalfontz128x128_RectFill</name>
         <load_address>0x10ce</load_address>
         <run_address>0x10ce</run_address>
         <size>0x9c</size>
         <input_file_ref idref="fl-5"/>
      </object_component>
      <object_component id="oc-183">
         <name>.text:Graphics_drawLineH</name>
         <load_address>0x116a</load_address>
         <run_address>0x116a</run_address>
         <size>0x9c</size>
         <input_file_ref idref="fl-18"/>
      </object_component>
      <object_component id="oc-34">
         <name>.text</name>
         <load_address>0x1206</load_address>
         <run_address>0x1206</run_address>
         <size>0x9c</size>
         <input_file_ref idref="fl-da"/>
      </object_component>
      <object_component id="oc-2ed">
         <name>.text:GPIO_setAsPeripheralModuleFunctionOutputPin</name>
         <load_address>0x12a4</load_address>
         <run_address>0x12a4</run_address>
         <size>0x88</size>
         <input_file_ref idref="fl-19"/>
      </object_component>
      <object_component id="oc-158">
         <name>.text:InitGraphics</name>
         <load_address>0x132c</load_address>
         <run_address>0x132c</run_address>
         <size>0x78</size>
         <input_file_ref idref="fl-3"/>
      </object_component>
      <object_component id="oc-a8">
         <name>.text:SystemInit</name>
         <load_address>0x13a4</load_address>
         <run_address>0x13a4</run_address>
         <size>0x78</size>
         <input_file_ref idref="fl-4"/>
      </object_component>
      <object_component id="oc-96">
         <name>.text:main</name>
         <load_address>0x141c</load_address>
         <run_address>0x141c</run_address>
         <size>0x78</size>
         <input_file_ref idref="fl-3"/>
      </object_component>
      <object_component id="oc-14">
         <name>.text:decompress:lzss:__TI_decompress_lzss</name>
         <load_address>0x1494</load_address>
         <run_address>0x1494</run_address>
         <size>0x68</size>
         <input_file_ref idref="fl-d6"/>
      </object_component>
      <object_component id="oc-250">
         <name>.text:Crystalfontz128x128_LineDrawH</name>
         <load_address>0x14fc</load_address>
         <run_address>0x14fc</run_address>
         <size>0x60</size>
         <input_file_ref idref="fl-5"/>
      </object_component>
      <object_component id="oc-256">
         <name>.text:Crystalfontz128x128_LineDrawV</name>
         <load_address>0x155c</load_address>
         <run_address>0x155c</run_address>
         <size>0x60</size>
         <input_file_ref idref="fl-5"/>
      </object_component>
      <object_component id="oc-234">
         <name>.text:Crystalfontz128x128_SetOrientation</name>
         <load_address>0x15bc</load_address>
         <run_address>0x15bc</run_address>
         <size>0x54</size>
         <input_file_ref idref="fl-5"/>
      </object_component>
      <object_component id="oc-1bc">
         <name>.text:Graphics_initContext</name>
         <load_address>0x1610</load_address>
         <run_address>0x1610</run_address>
         <size>0x52</size>
         <input_file_ref idref="fl-13"/>
      </object_component>
      <object_component id="oc-113">
         <name>.text:__TI_auto_init_nobinit_nopinit:__TI_auto_init_nobinit_nopinit</name>
         <load_address>0x1664</load_address>
         <run_address>0x1664</run_address>
         <size>0x44</size>
         <input_file_ref idref="fl-db"/>
      </object_component>
      <object_component id="oc-244">
         <name>.text:Crystalfontz128x128_PixelDraw</name>
         <load_address>0x16a8</load_address>
         <run_address>0x16a8</run_address>
         <size>0x40</size>
         <input_file_ref idref="fl-5"/>
      </object_component>
      <object_component id="oc-2f3">
         <name>.text:GPIO_setAsOutputPin</name>
         <load_address>0x16e8</load_address>
         <run_address>0x16e8</run_address>
         <size>0x40</size>
         <input_file_ref idref="fl-19"/>
      </object_component>
      <object_component id="oc-17d">
         <name>.text:Graphics_getNumberOfLeadingZeros</name>
         <load_address>0x1728</load_address>
         <run_address>0x1728</run_address>
         <size>0x40</size>
         <input_file_ref idref="fl-17"/>
      </object_component>
      <object_component id="oc-2a0">
         <name>.text:HAL_LCD_SpiInit</name>
         <load_address>0x1768</load_address>
         <run_address>0x1768</run_address>
         <size>0x40</size>
         <input_file_ref idref="fl-6"/>
      </object_component>
      <object_component id="oc-31b">
         <name>.text:is_A_Module</name>
         <load_address>0x17a8</load_address>
         <run_address>0x17a8</run_address>
         <size>0x40</size>
         <input_file_ref idref="fl-1b"/>
      </object_component>
      <object_component id="oc-2b2">
         <name>.text:HAL_LCD_writeCommand</name>
         <load_address>0x17e8</load_address>
         <run_address>0x17e8</run_address>
         <size>0x38</size>
         <input_file_ref idref="fl-6"/>
      </object_component>
      <object_component id="oc-52">
         <name>.text:_c_int00_noargs:_c_int00_noargs</name>
         <load_address>0x1820</load_address>
         <run_address>0x1820</run_address>
         <size>0x38</size>
         <input_file_ref idref="fl-d8"/>
      </object_component>
      <object_component id="oc-1ff">
         <name>.text:Graphics_drawHorizontalLineOnDisplay</name>
         <load_address>0x1858</load_address>
         <run_address>0x1858</run_address>
         <size>0x36</size>
         <input_file_ref idref="fl-14"/>
      </object_component>
      <object_component id="oc-161">
         <name>.text:rand</name>
         <load_address>0x1890</load_address>
         <run_address>0x1890</run_address>
         <size>0x34</size>
         <input_file_ref idref="fl-d7"/>
      </object_component>
      <object_component id="oc-29a">
         <name>.text:HAL_LCD_PortInit</name>
         <load_address>0x18c4</load_address>
         <run_address>0x18c4</run_address>
         <size>0x30</size>
         <input_file_ref idref="fl-6"/>
      </object_component>
      <object_component id="oc-26e">
         <name>.text:Crystalfontz128x128_ClearScreen</name>
         <load_address>0x18f4</load_address>
         <run_address>0x18f4</run_address>
         <size>0x2c</size>
         <input_file_ref idref="fl-5"/>
      </object_component>
      <object_component id="oc-189">
         <name>.text:Graphics_drawPixelOnDisplay</name>
         <load_address>0x1920</load_address>
         <run_address>0x1920</run_address>
         <size>0x2c</size>
         <input_file_ref idref="fl-14"/>
      </object_component>
      <object_component id="oc-2b8">
         <name>.text:HAL_LCD_writeData</name>
         <load_address>0x194c</load_address>
         <run_address>0x194c</run_address>
         <size>0x2c</size>
         <input_file_ref idref="fl-6"/>
      </object_component>
      <object_component id="oc-262">
         <name>.text:Crystalfontz128x128_ColorTranslate</name>
         <load_address>0x1978</load_address>
         <run_address>0x1978</run_address>
         <size>0x28</size>
         <input_file_ref idref="fl-5"/>
      </object_component>
      <object_component id="oc-2ac">
         <name>.text:GPIO_setOutputHighOnPin</name>
         <load_address>0x19a0</load_address>
         <run_address>0x19a0</run_address>
         <size>0x28</size>
         <input_file_ref idref="fl-19"/>
      </object_component>
      <object_component id="oc-2a6">
         <name>.text:GPIO_setOutputLowOnPin</name>
         <load_address>0x19c8</load_address>
         <run_address>0x19c8</run_address>
         <size>0x28</size>
         <input_file_ref idref="fl-19"/>
      </object_component>
      <object_component id="oc-14c">
         <name>.text:WDT_A_holdTimer</name>
         <load_address>0x19f0</load_address>
         <run_address>0x19f0</run_address>
         <size>0x24</size>
         <input_file_ref idref="fl-1c"/>
      </object_component>
      <object_component id="oc-152">
         <name>.text:initColor</name>
         <load_address>0x1a14</load_address>
         <run_address>0x1a14</run_address>
         <size>0x20</size>
         <input_file_ref idref="fl-2"/>
      </object_component>
      <object_component id="oc-175">
         <name>.text:Graphics_fillRectangleOnDisplay</name>
         <load_address>0x1a34</load_address>
         <run_address>0x1a34</run_address>
         <size>0x1e</size>
         <input_file_ref idref="fl-14"/>
      </object_component>
      <object_component id="oc-300">
         <name>.text:SPI_enableModule</name>
         <load_address>0x1a52</load_address>
         <run_address>0x1a52</run_address>
         <size>0x1c</size>
         <input_file_ref idref="fl-1b"/>
      </object_component>
      <object_component id="oc-cd">
         <name>.text:colorsMatched</name>
         <load_address>0x1a6e</load_address>
         <run_address>0x1a6e</run_address>
         <size>0x1c</size>
         <input_file_ref idref="fl-3"/>
      </object_component>
      <object_component id="oc-23b">
         <name>.text:Graphics_clearDisplayOnDisplay</name>
         <load_address>0x1a8a</load_address>
         <run_address>0x1a8a</run_address>
         <size>0x1a</size>
         <input_file_ref idref="fl-14"/>
      </object_component>
      <object_component id="oc-1c2">
         <name>.text:Graphics_setBackgroundColor</name>
         <load_address>0x1aa4</load_address>
         <run_address>0x1aa4</run_address>
         <size>0x1a</size>
         <input_file_ref idref="fl-13"/>
      </object_component>
      <object_component id="oc-1c8">
         <name>.text:Graphics_setFont</name>
         <load_address>0x1abe</load_address>
         <run_address>0x1abe</run_address>
         <size>0x1a</size>
         <input_file_ref idref="fl-13"/>
      </object_component>
      <object_component id="oc-323">
         <name>.text:EUSCI_A_SPI_enable</name>
         <load_address>0x1ad8</load_address>
         <run_address>0x1ad8</run_address>
         <size>0x16</size>
         <input_file_ref idref="fl-1b"/>
      </object_component>
      <object_component id="oc-329">
         <name>.text:EUSCI_B_SPI_enable</name>
         <load_address>0x1aee</load_address>
         <run_address>0x1aee</run_address>
         <size>0x16</size>
         <input_file_ref idref="fl-1b"/>
      </object_component>
      <object_component id="oc-d9">
         <name>.text:Graphics_setForegroundColor</name>
         <load_address>0x1b04</load_address>
         <run_address>0x1b04</run_address>
         <size>0x16</size>
         <input_file_ref idref="fl-13"/>
      </object_component>
      <object_component id="oc-168">
         <name>.text:Graphics_translateColorOnDisplay</name>
         <load_address>0x1b1a</load_address>
         <run_address>0x1b1a</run_address>
         <size>0x16</size>
         <input_file_ref idref="fl-14"/>
      </object_component>
      <object_component id="oc-1d4">
         <name>.text:Graphics_clearDisplay</name>
         <load_address>0x1b30</load_address>
         <run_address>0x1b30</run_address>
         <size>0x12</size>
         <input_file_ref idref="fl-13"/>
      </object_component>
      <object_component id="oc-40">
         <name>.text:decompress:ZI:__TI_zero_init_nomemset:__TI_zero_init_nomemset</name>
         <load_address>0x1b42</load_address>
         <run_address>0x1b42</run_address>
         <size>0x12</size>
         <input_file_ref idref="fl-d4"/>
      </object_component>
      <object_component id="oc-1ce">
         <name>.text:InitFonts</name>
         <load_address>0x1b54</load_address>
         <run_address>0x1b54</run_address>
         <size>0xe</size>
         <input_file_ref idref="fl-3"/>
      </object_component>
      <object_component id="oc-1a">
         <name>.text:decompress:none:__TI_decompress_none</name>
         <load_address>0x1b62</load_address>
         <run_address>0x1b62</run_address>
         <size>0xe</size>
         <input_file_ref idref="fl-d5"/>
      </object_component>
      <object_component id="oc-64">
         <name>.text:Reset_Handler</name>
         <load_address>0x1b70</load_address>
         <run_address>0x1b70</run_address>
         <size>0xc</size>
         <input_file_ref idref="fl-7"/>
      </object_component>
      <object_component id="oc-268">
         <name>.text:Crystalfontz128x128_Flush</name>
         <load_address>0x1b7c</load_address>
         <run_address>0x1b7c</run_address>
         <size>0xa</size>
         <input_file_ref idref="fl-5"/>
      </object_component>
      <object_component id="oc-90">
         <name>.text:_system_pre_init</name>
         <load_address>0x1b86</load_address>
         <run_address>0x1b86</run_address>
         <size>0x4</size>
         <input_file_ref idref="fl-dc"/>
      </object_component>
      <object_component id="oc-107">
         <name>.text:abort:abort</name>
         <load_address>0x1b8a</load_address>
         <run_address>0x1b8a</run_address>
         <size>0x4</size>
         <input_file_ref idref="fl-de"/>
      </object_component>
      <object_component id="oc-27e">
         <name>.const:.string:g_pucCmss18bData</name>
         <load_address>0x1b90</load_address>
         <run_address>0x1b90</run_address>
         <size>0x782</size>
         <input_file_ref idref="fl-15"/>
      </object_component>
      <object_component id="oc-278">
         <name>.const:.string:g_pucCmtt16Data</name>
         <load_address>0x2312</load_address>
         <run_address>0x2312</run_address>
         <size>0x70a</size>
         <input_file_ref idref="fl-8"/>
      </object_component>
      <object_component id="oc-1e3">
         <name>.const:g_sFontCmss18b</name>
         <load_address>0x2a1c</load_address>
         <run_address>0x2a1c</run_address>
         <size>0xc8</size>
         <input_file_ref idref="fl-15"/>
      </object_component>
      <object_component id="oc-1e0">
         <name>.const:g_sFontCmtt16</name>
         <load_address>0x2ae4</load_address>
         <run_address>0x2ae4</run_address>
         <size>0xc8</size>
         <input_file_ref idref="fl-8"/>
      </object_component>
      <object_component id="oc-30f">
         <name>.const:GPIO_PORT_TO_BASE</name>
         <load_address>0x2bac</load_address>
         <run_address>0x2bac</run_address>
         <size>0x30</size>
         <input_file_ref idref="fl-19"/>
      </object_component>
      <object_component id="oc-1dd">
         <name>.const:g_sCrystalfontz128x128_funcs</name>
         <load_address>0x2bdc</load_address>
         <run_address>0x2bdc</run_address>
         <size>0x20</size>
         <input_file_ref idref="fl-5"/>
      </object_component>
      <object_component id="oc-306">
         <name>.const:$P$T0$1</name>
         <load_address>0x2bfc</load_address>
         <run_address>0x2bfc</run_address>
         <size>0x1c</size>
         <input_file_ref idref="fl-6"/>
      </object_component>
      <object_component id="oc-2d5">
         <name>.const:$P$T0$1</name>
         <load_address>0x2c18</load_address>
         <run_address>0x2c18</run_address>
         <size>0x8</size>
         <input_file_ref idref="fl-5"/>
      </object_component>
      <object_component id="oc-373">
         <name>.cinit..data.load</name>
         <load_address>0x2c20</load_address>
         <run_address>0x2c20</run_address>
         <size>0x15</size>
      </object_component>
      <object_component id="oc-371">
         <name>__TI_handler_table</name>
         <load_address>0x2c38</load_address>
         <run_address>0x2c38</run_address>
         <size>0xc</size>
      </object_component>
      <object_component id="oc-374">
         <name>.cinit..bss.load</name>
         <load_address>0x2c48</load_address>
         <run_address>0x2c48</run_address>
         <size>0x8</size>
      </object_component>
      <object_component id="oc-372">
         <name>__TI_cinit_table</name>
         <load_address>0x2c50</load_address>
         <run_address>0x2c50</run_address>
         <size>0x10</size>
      </object_component>
      <object_component id="oc-346">
         <name>.binit</name>
         <load_address>0x0</load_address>
         <run_address>0x0</run_address>
         <size>0x0</size>
      </object_component>
      <object_component id="oc-1da">
         <name>.data:g_sCrystalfontz128x128</name>
         <load_address>0x20000000</load_address>
         <run_address>0x20000000</run_address>
         <size>0x10</size>
         <input_file_ref idref="fl-5"/>
      </object_component>
      <object_component id="oc-1f3">
         <name>.data</name>
         <load_address>0x20000018</load_address>
         <run_address>0x20000018</run_address>
         <size>0x4</size>
         <input_file_ref idref="fl-d7"/>
      </object_component>
      <object_component id="oc-197">
         <name>.data:$O1$$</name>
         <load_address>0x20000010</load_address>
         <run_address>0x20000010</run_address>
         <size>0x8</size>
         <input_file_ref idref="fl-df"/>
      </object_component>
      <object_component id="oc-2cb">
         <name>.common:Lcd_Orientation</name>
         <uninitialized>true</uninitialized>
         <run_address>0x20000024</run_address>
         <size>0x1</size>
      </object_component>
      <object_component id="oc-2c4">
         <name>.common:Lcd_ScreenWidth</name>
         <uninitialized>true</uninitialized>
         <run_address>0x2000001e</run_address>
         <size>0x2</size>
      </object_component>
      <object_component id="oc-2c5">
         <name>.common:Lcd_ScreenHeigth</name>
         <uninitialized>true</uninitialized>
         <run_address>0x2000001c</run_address>
         <size>0x2</size>
      </object_component>
      <object_component id="oc-2c6">
         <name>.common:Lcd_PenSolid</name>
         <uninitialized>true</uninitialized>
         <run_address>0x20000025</run_address>
         <size>0x1</size>
      </object_component>
      <object_component id="oc-2c7">
         <name>.common:Lcd_FontSolid</name>
         <uninitialized>true</uninitialized>
         <run_address>0x20000023</run_address>
         <size>0x1</size>
      </object_component>
      <object_component id="oc-2c8">
         <name>.common:Lcd_FlagRead</name>
         <uninitialized>true</uninitialized>
         <run_address>0x20000022</run_address>
         <size>0x1</size>
      </object_component>
      <object_component id="oc-2c9">
         <name>.common:Lcd_TouchTrim</name>
         <uninitialized>true</uninitialized>
         <run_address>0x20000020</run_address>
         <size>0x2</size>
      </object_component>
      <object_component id="oc-26">
         <name>.stack</name>
         <uninitialized>true</uninitialized>
         <run_address>0x2000fe00</run_address>
         <size>0x4</size>
         <input_file_ref idref="fl-d8"/>
      </object_component>
      <object_component id="oc-375">
         <name>.stack</name>
         <uninitialized>true</uninitialized>
         <run_address>0x2000fe00</run_address>
         <size>0x0</size>
      </object_component>
      <object_component id="oc-14b">
         <name>.debug_info</name>
         <load_address>0x0</load_address>
         <run_address>0x0</run_address>
         <size>0x2b5</size>
         <input_file_ref idref="fl-2"/>
      </object_component>
      <object_component id="oc-d4">
         <name>.debug_info</name>
         <load_address>0x2b5</load_address>
         <run_address>0x2b5</run_address>
         <size>0x136</size>
         <input_file_ref idref="fl-2"/>
      </object_component>
      <object_component id="oc-153">
         <name>.debug_info</name>
         <load_address>0x3eb</load_address>
         <run_address>0x3eb</run_address>
         <size>0x127</size>
         <input_file_ref idref="fl-2"/>
      </object_component>
      <object_component id="oc-102">
         <name>.debug_info</name>
         <load_address>0x512</load_address>
         <run_address>0x512</run_address>
         <size>0xc8</size>
         <input_file_ref idref="fl-2"/>
      </object_component>
      <object_component id="oc-b2">
         <name>.debug_info</name>
         <load_address>0x5da</load_address>
         <run_address>0x5da</run_address>
         <size>0x26b</size>
         <input_file_ref idref="fl-2"/>
      </object_component>
      <object_component id="oc-2f">
         <name>.debug_info</name>
         <load_address>0x845</load_address>
         <run_address>0x845</run_address>
         <size>0x84</size>
         <input_file_ref idref="fl-2"/>
      </object_component>
      <object_component id="oc-146">
         <name>.debug_info</name>
         <load_address>0x8c9</load_address>
         <run_address>0x8c9</run_address>
         <size>0x297</size>
         <input_file_ref idref="fl-2"/>
      </object_component>
      <object_component id="oc-2e0">
         <name>.debug_info</name>
         <load_address>0xb60</load_address>
         <run_address>0xb60</run_address>
         <size>0xef</size>
         <input_file_ref idref="fl-2"/>
      </object_component>
      <object_component id="oc-170">
         <name>.debug_info</name>
         <load_address>0xc4f</load_address>
         <run_address>0xc4f</run_address>
         <size>0xbb</size>
         <input_file_ref idref="fl-2"/>
      </object_component>
      <object_component id="oc-1b5">
         <name>.debug_info</name>
         <load_address>0xd0a</load_address>
         <run_address>0xd0a</run_address>
         <size>0x35</size>
         <input_file_ref idref="fl-2"/>
      </object_component>
      <object_component id="oc-15f">
         <name>.debug_info</name>
         <load_address>0xd3f</load_address>
         <run_address>0xd3f</run_address>
         <size>0xa9f</size>
         <input_file_ref idref="fl-3"/>
      </object_component>
      <object_component id="oc-97">
         <name>.debug_info</name>
         <load_address>0x17de</load_address>
         <run_address>0x17de</run_address>
         <size>0x218</size>
         <input_file_ref idref="fl-3"/>
      </object_component>
      <object_component id="oc-ce">
         <name>.debug_info</name>
         <load_address>0x19f6</load_address>
         <run_address>0x19f6</run_address>
         <size>0x121</size>
         <input_file_ref idref="fl-3"/>
      </object_component>
      <object_component id="oc-f2">
         <name>.debug_info</name>
         <load_address>0x1b17</load_address>
         <run_address>0x1b17</run_address>
         <size>0x123</size>
         <input_file_ref idref="fl-3"/>
      </object_component>
      <object_component id="oc-ec">
         <name>.debug_info</name>
         <load_address>0x1c3a</load_address>
         <run_address>0x1c3a</run_address>
         <size>0x11f</size>
         <input_file_ref idref="fl-3"/>
      </object_component>
      <object_component id="oc-c8">
         <name>.debug_info</name>
         <load_address>0x1d59</load_address>
         <run_address>0x1d59</run_address>
         <size>0x1a6</size>
         <input_file_ref idref="fl-3"/>
      </object_component>
      <object_component id="oc-159">
         <name>.debug_info</name>
         <load_address>0x1eff</load_address>
         <run_address>0x1eff</run_address>
         <size>0x209</size>
         <input_file_ref idref="fl-3"/>
      </object_component>
      <object_component id="oc-1cf">
         <name>.debug_info</name>
         <load_address>0x2108</load_address>
         <run_address>0x2108</run_address>
         <size>0x13d</size>
         <input_file_ref idref="fl-3"/>
      </object_component>
      <object_component id="oc-1ee">
         <name>.debug_info</name>
         <load_address>0x2245</load_address>
         <run_address>0x2245</run_address>
         <size>0x1055</size>
         <input_file_ref idref="fl-3"/>
      </object_component>
      <object_component id="oc-1e9">
         <name>.debug_info</name>
         <load_address>0x329a</load_address>
         <run_address>0x329a</run_address>
         <size>0x37e2</size>
         <input_file_ref idref="fl-3"/>
      </object_component>
      <object_component id="oc-fd">
         <name>.debug_info</name>
         <load_address>0x6a7c</load_address>
         <run_address>0x6a7c</run_address>
         <size>0x439</size>
         <input_file_ref idref="fl-3"/>
      </object_component>
      <object_component id="oc-f8">
         <name>.debug_info</name>
         <load_address>0x6eb5</load_address>
         <run_address>0x6eb5</run_address>
         <size>0x8b</size>
         <input_file_ref idref="fl-3"/>
      </object_component>
      <object_component id="oc-30a">
         <name>.debug_info</name>
         <load_address>0x6f40</load_address>
         <run_address>0x6f40</run_address>
         <size>0x131</size>
         <input_file_ref idref="fl-3"/>
      </object_component>
      <object_component id="oc-ab">
         <name>.debug_info</name>
         <load_address>0x7071</load_address>
         <run_address>0x7071</run_address>
         <size>0x121</size>
         <input_file_ref idref="fl-4"/>
      </object_component>
      <object_component id="oc-276">
         <name>.debug_info</name>
         <load_address>0x7192</load_address>
         <run_address>0x7192</run_address>
         <size>0x91f</size>
         <input_file_ref idref="fl-5"/>
      </object_component>
      <object_component id="oc-1db">
         <name>.debug_info</name>
         <load_address>0x7ab1</load_address>
         <run_address>0x7ab1</run_address>
         <size>0x103</size>
         <input_file_ref idref="fl-5"/>
      </object_component>
      <object_component id="oc-1de">
         <name>.debug_info</name>
         <load_address>0x7bb4</load_address>
         <run_address>0x7bb4</run_address>
         <size>0x10f</size>
         <input_file_ref idref="fl-5"/>
      </object_component>
      <object_component id="oc-2d6">
         <name>.debug_info</name>
         <load_address>0x7cc3</load_address>
         <run_address>0x7cc3</run_address>
         <size>0xe4</size>
         <input_file_ref idref="fl-5"/>
      </object_component>
      <object_component id="oc-22f">
         <name>.debug_info</name>
         <load_address>0x7da7</load_address>
         <run_address>0x7da7</run_address>
         <size>0x3d6</size>
         <input_file_ref idref="fl-5"/>
      </object_component>
      <object_component id="oc-2bf">
         <name>.debug_info</name>
         <load_address>0x817d</load_address>
         <run_address>0x817d</run_address>
         <size>0x2e2</size>
         <input_file_ref idref="fl-5"/>
      </object_component>
      <object_component id="oc-235">
         <name>.debug_info</name>
         <load_address>0x845f</load_address>
         <run_address>0x845f</run_address>
         <size>0x23e</size>
         <input_file_ref idref="fl-5"/>
      </object_component>
      <object_component id="oc-245">
         <name>.debug_info</name>
         <load_address>0x869d</load_address>
         <run_address>0x869d</run_address>
         <size>0x283</size>
         <input_file_ref idref="fl-5"/>
      </object_component>
      <object_component id="oc-24b">
         <name>.debug_info</name>
         <load_address>0x8920</load_address>
         <run_address>0x8920</run_address>
         <size>0x3e6</size>
         <input_file_ref idref="fl-5"/>
      </object_component>
      <object_component id="oc-251">
         <name>.debug_info</name>
         <load_address>0x8d06</load_address>
         <run_address>0x8d06</run_address>
         <size>0x29e</size>
         <input_file_ref idref="fl-5"/>
      </object_component>
      <object_component id="oc-257">
         <name>.debug_info</name>
         <load_address>0x8fa4</load_address>
         <run_address>0x8fa4</run_address>
         <size>0x29e</size>
         <input_file_ref idref="fl-5"/>
      </object_component>
      <object_component id="oc-25d">
         <name>.debug_info</name>
         <load_address>0x9242</load_address>
         <run_address>0x9242</run_address>
         <size>0x2cf</size>
         <input_file_ref idref="fl-5"/>
      </object_component>
      <object_component id="oc-263">
         <name>.debug_info</name>
         <load_address>0x9511</load_address>
         <run_address>0x9511</run_address>
         <size>0x1ec</size>
         <input_file_ref idref="fl-5"/>
      </object_component>
      <object_component id="oc-269">
         <name>.debug_info</name>
         <load_address>0x96fd</load_address>
         <run_address>0x96fd</run_address>
         <size>0x1a7</size>
         <input_file_ref idref="fl-5"/>
      </object_component>
      <object_component id="oc-26f">
         <name>.debug_info</name>
         <load_address>0x98a4</load_address>
         <run_address>0x98a4</run_address>
         <size>0x217</size>
         <input_file_ref idref="fl-5"/>
      </object_component>
      <object_component id="oc-2db">
         <name>.debug_info</name>
         <load_address>0x9abb</load_address>
         <run_address>0x9abb</run_address>
         <size>0x37e2</size>
         <input_file_ref idref="fl-5"/>
      </object_component>
      <object_component id="oc-332">
         <name>.debug_info</name>
         <load_address>0xd29d</load_address>
         <run_address>0xd29d</run_address>
         <size>0x865</size>
         <input_file_ref idref="fl-6"/>
      </object_component>
      <object_component id="oc-307">
         <name>.debug_info</name>
         <load_address>0xdb02</load_address>
         <run_address>0xdb02</run_address>
         <size>0xf7</size>
         <input_file_ref idref="fl-6"/>
      </object_component>
      <object_component id="oc-29b">
         <name>.debug_info</name>
         <load_address>0xdbf9</load_address>
         <run_address>0xdbf9</run_address>
         <size>0x24e</size>
         <input_file_ref idref="fl-6"/>
      </object_component>
      <object_component id="oc-2a1">
         <name>.debug_info</name>
         <load_address>0xde47</load_address>
         <run_address>0xde47</run_address>
         <size>0x217</size>
         <input_file_ref idref="fl-6"/>
      </object_component>
      <object_component id="oc-2b3">
         <name>.debug_info</name>
         <load_address>0xe05e</load_address>
         <run_address>0xe05e</run_address>
         <size>0x20e</size>
         <input_file_ref idref="fl-6"/>
      </object_component>
      <object_component id="oc-2b9">
         <name>.debug_info</name>
         <load_address>0xe26c</load_address>
         <run_address>0xe26c</run_address>
         <size>0x1c1</size>
         <input_file_ref idref="fl-6"/>
      </object_component>
      <object_component id="oc-72">
         <name>.debug_info</name>
         <load_address>0xe42d</load_address>
         <run_address>0xe42d</run_address>
         <size>0x2c1</size>
         <input_file_ref idref="fl-7"/>
      </object_component>
      <object_component id="oc-24">
         <name>.debug_info</name>
         <load_address>0xe6ee</load_address>
         <run_address>0xe6ee</run_address>
         <size>0xed</size>
         <input_file_ref idref="fl-7"/>
      </object_component>
      <object_component id="oc-65">
         <name>.debug_info</name>
         <load_address>0xe7db</load_address>
         <run_address>0xe7db</run_address>
         <size>0x150</size>
         <input_file_ref idref="fl-7"/>
      </object_component>
      <object_component id="oc-6d">
         <name>.debug_info</name>
         <load_address>0xe92b</load_address>
         <run_address>0xe92b</run_address>
         <size>0x138</size>
         <input_file_ref idref="fl-7"/>
      </object_component>
      <object_component id="oc-27d">
         <name>.debug_info</name>
         <load_address>0xea63</load_address>
         <run_address>0xea63</run_address>
         <size>0x22d</size>
         <input_file_ref idref="fl-8"/>
      </object_component>
      <object_component id="oc-279">
         <name>.debug_info</name>
         <load_address>0xec90</load_address>
         <run_address>0xec90</run_address>
         <size>0xdf</size>
         <input_file_ref idref="fl-8"/>
      </object_component>
      <object_component id="oc-1e1">
         <name>.debug_info</name>
         <load_address>0xed6f</load_address>
         <run_address>0xed6f</run_address>
         <size>0xdc</size>
         <input_file_ref idref="fl-8"/>
      </object_component>
      <object_component id="oc-16f">
         <name>.debug_info</name>
         <load_address>0xee4b</load_address>
         <run_address>0xee4b</run_address>
         <size>0x55d</size>
         <input_file_ref idref="fl-13"/>
      </object_component>
      <object_component id="oc-1bf">
         <name>.debug_info</name>
         <load_address>0xf3a8</load_address>
         <run_address>0xf3a8</run_address>
         <size>0x1eb</size>
         <input_file_ref idref="fl-13"/>
      </object_component>
      <object_component id="oc-1c5">
         <name>.debug_info</name>
         <load_address>0xf593</load_address>
         <run_address>0xf593</run_address>
         <size>0x1ff</size>
         <input_file_ref idref="fl-13"/>
      </object_component>
      <object_component id="oc-1cb">
         <name>.debug_info</name>
         <load_address>0xf792</load_address>
         <run_address>0xf792</run_address>
         <size>0x1cc</size>
         <input_file_ref idref="fl-13"/>
      </object_component>
      <object_component id="oc-dc">
         <name>.debug_info</name>
         <load_address>0xf95e</load_address>
         <run_address>0xf95e</run_address>
         <size>0x1f2</size>
         <input_file_ref idref="fl-13"/>
      </object_component>
      <object_component id="oc-1d8">
         <name>.debug_info</name>
         <load_address>0xfb50</load_address>
         <run_address>0xfb50</run_address>
         <size>0x1bf</size>
         <input_file_ref idref="fl-13"/>
      </object_component>
      <object_component id="oc-1f8">
         <name>.debug_info</name>
         <load_address>0xfd0f</load_address>
         <run_address>0xfd0f</run_address>
         <size>0x3f7</size>
         <input_file_ref idref="fl-14"/>
      </object_component>
      <object_component id="oc-18c">
         <name>.debug_info</name>
         <load_address>0x10106</load_address>
         <run_address>0x10106</run_address>
         <size>0x1ff</size>
         <input_file_ref idref="fl-14"/>
      </object_component>
      <object_component id="oc-203">
         <name>.debug_info</name>
         <load_address>0x10305</load_address>
         <run_address>0x10305</run_address>
         <size>0x21d</size>
         <input_file_ref idref="fl-14"/>
      </object_component>
      <object_component id="oc-179">
         <name>.debug_info</name>
         <load_address>0x10522</load_address>
         <run_address>0x10522</run_address>
         <size>0x1fc</size>
         <input_file_ref idref="fl-14"/>
      </object_component>
      <object_component id="oc-16c">
         <name>.debug_info</name>
         <load_address>0x1071e</load_address>
         <run_address>0x1071e</run_address>
         <size>0x1df</size>
         <input_file_ref idref="fl-14"/>
      </object_component>
      <object_component id="oc-23f">
         <name>.debug_info</name>
         <load_address>0x108fd</load_address>
         <run_address>0x108fd</run_address>
         <size>0x1d7</size>
         <input_file_ref idref="fl-14"/>
      </object_component>
      <object_component id="oc-283">
         <name>.debug_info</name>
         <load_address>0x10ad4</load_address>
         <run_address>0x10ad4</run_address>
         <size>0x277</size>
         <input_file_ref idref="fl-15"/>
      </object_component>
      <object_component id="oc-27f">
         <name>.debug_info</name>
         <load_address>0x10d4b</load_address>
         <run_address>0x10d4b</run_address>
         <size>0x12b</size>
         <input_file_ref idref="fl-15"/>
      </object_component>
      <object_component id="oc-1e4">
         <name>.debug_info</name>
         <load_address>0x10e76</load_address>
         <run_address>0x10e76</run_address>
         <size>0x128</size>
         <input_file_ref idref="fl-15"/>
      </object_component>
      <object_component id="oc-17c">
         <name>.debug_info</name>
         <load_address>0x10f9e</load_address>
         <run_address>0x10f9e</run_address>
         <size>0x4f1</size>
         <input_file_ref idref="fl-16"/>
      </object_component>
      <object_component id="oc-e3">
         <name>.debug_info</name>
         <load_address>0x1148f</load_address>
         <run_address>0x1148f</run_address>
         <size>0x1fa</size>
         <input_file_ref idref="fl-16"/>
      </object_component>
      <object_component id="oc-190">
         <name>.debug_info</name>
         <load_address>0x11689</load_address>
         <run_address>0x11689</run_address>
         <size>0x4b6</size>
         <input_file_ref idref="fl-17"/>
      </object_component>
      <object_component id="oc-17f">
         <name>.debug_info</name>
         <load_address>0x11b3f</load_address>
         <run_address>0x11b3f</run_address>
         <size>0x1c1</size>
         <input_file_ref idref="fl-17"/>
      </object_component>
      <object_component id="oc-e7">
         <name>.debug_info</name>
         <load_address>0x11d00</load_address>
         <run_address>0x11d00</run_address>
         <size>0x426</size>
         <input_file_ref idref="fl-17"/>
      </object_component>
      <object_component id="oc-206">
         <name>.debug_info</name>
         <load_address>0x12126</load_address>
         <run_address>0x12126</run_address>
         <size>0x537</size>
         <input_file_ref idref="fl-18"/>
      </object_component>
      <object_component id="oc-184">
         <name>.debug_info</name>
         <load_address>0x1265d</load_address>
         <run_address>0x1265d</run_address>
         <size>0x212</size>
         <input_file_ref idref="fl-18"/>
      </object_component>
      <object_component id="oc-335">
         <name>.debug_info</name>
         <load_address>0x1286f</load_address>
         <run_address>0x1286f</run_address>
         <size>0x6fd</size>
         <input_file_ref idref="fl-19"/>
      </object_component>
      <object_component id="oc-310">
         <name>.debug_info</name>
         <load_address>0x12f6c</load_address>
         <run_address>0x12f6c</run_address>
         <size>0x131</size>
         <input_file_ref idref="fl-19"/>
      </object_component>
      <object_component id="oc-2f4">
         <name>.debug_info</name>
         <load_address>0x1309d</load_address>
         <run_address>0x1309d</run_address>
         <size>0x24e</size>
         <input_file_ref idref="fl-19"/>
      </object_component>
      <object_component id="oc-2ee">
         <name>.debug_info</name>
         <load_address>0x132eb</load_address>
         <run_address>0x132eb</run_address>
         <size>0x2a1</size>
         <input_file_ref idref="fl-19"/>
      </object_component>
      <object_component id="oc-2ad">
         <name>.debug_info</name>
         <load_address>0x1358c</load_address>
         <run_address>0x1358c</run_address>
         <size>0x256</size>
         <input_file_ref idref="fl-19"/>
      </object_component>
      <object_component id="oc-2a7">
         <name>.debug_info</name>
         <load_address>0x137e2</load_address>
         <run_address>0x137e2</run_address>
         <size>0x254</size>
         <input_file_ref idref="fl-19"/>
      </object_component>
      <object_component id="oc-339">
         <name>.debug_info</name>
         <load_address>0x13a36</load_address>
         <run_address>0x13a36</run_address>
         <size>0x431a</size>
         <input_file_ref idref="fl-19"/>
      </object_component>
      <object_component id="oc-322">
         <name>.debug_info</name>
         <load_address>0x17d50</load_address>
         <run_address>0x17d50</run_address>
         <size>0x6f1</size>
         <input_file_ref idref="fl-1b"/>
      </object_component>
      <object_component id="oc-31d">
         <name>.debug_info</name>
         <load_address>0x18441</load_address>
         <run_address>0x18441</run_address>
         <size>0x1c3</size>
         <input_file_ref idref="fl-1b"/>
      </object_component>
      <object_component id="oc-2fc">
         <name>.debug_info</name>
         <load_address>0x18604</load_address>
         <run_address>0x18604</run_address>
         <size>0x227</size>
         <input_file_ref idref="fl-1b"/>
      </object_component>
      <object_component id="oc-302">
         <name>.debug_info</name>
         <load_address>0x1882b</load_address>
         <run_address>0x1882b</run_address>
         <size>0x231</size>
         <input_file_ref idref="fl-1b"/>
      </object_component>
      <object_component id="oc-32a">
         <name>.debug_info</name>
         <load_address>0x18a5c</load_address>
         <run_address>0x18a5c</run_address>
         <size>0x1e5</size>
         <input_file_ref idref="fl-1b"/>
      </object_component>
      <object_component id="oc-324">
         <name>.debug_info</name>
         <load_address>0x18c41</load_address>
         <run_address>0x18c41</run_address>
         <size>0x1e5</size>
         <input_file_ref idref="fl-1b"/>
      </object_component>
      <object_component id="oc-14e">
         <name>.debug_info</name>
         <load_address>0x18e26</load_address>
         <run_address>0x18e26</run_address>
         <size>0x1c5</size>
         <input_file_ref idref="fl-1c"/>
      </object_component>
      <object_component id="oc-89">
         <name>.debug_info</name>
         <load_address>0x18feb</load_address>
         <run_address>0x18feb</run_address>
         <size>0x313</size>
         <input_file_ref idref="fl-d4"/>
      </object_component>
      <object_component id="oc-44">
         <name>.debug_info</name>
         <load_address>0x192fe</load_address>
         <run_address>0x192fe</run_address>
         <size>0x1b4</size>
         <input_file_ref idref="fl-d4"/>
      </object_component>
      <object_component id="oc-84">
         <name>.debug_info</name>
         <load_address>0x194b2</load_address>
         <run_address>0x194b2</run_address>
         <size>0x46</size>
         <input_file_ref idref="fl-d4"/>
      </object_component>
      <object_component id="oc-be">
         <name>.debug_info</name>
         <load_address>0x194f8</load_address>
         <run_address>0x194f8</run_address>
         <size>0x2c</size>
         <input_file_ref idref="fl-d4"/>
      </object_component>
      <object_component id="oc-3f">
         <name>.debug_info</name>
         <load_address>0x19524</load_address>
         <run_address>0x19524</run_address>
         <size>0x29d</size>
         <input_file_ref idref="fl-d5"/>
      </object_component>
      <object_component id="oc-1b">
         <name>.debug_info</name>
         <load_address>0x197c1</load_address>
         <run_address>0x197c1</run_address>
         <size>0x1df</size>
         <input_file_ref idref="fl-d5"/>
      </object_component>
      <object_component id="oc-3a">
         <name>.debug_info</name>
         <load_address>0x199a0</load_address>
         <run_address>0x199a0</run_address>
         <size>0x46</size>
         <input_file_ref idref="fl-d5"/>
      </object_component>
      <object_component id="oc-7c">
         <name>.debug_info</name>
         <load_address>0x199e6</load_address>
         <run_address>0x199e6</run_address>
         <size>0x2c</size>
         <input_file_ref idref="fl-d5"/>
      </object_component>
      <object_component id="oc-7a">
         <name>.debug_info</name>
         <load_address>0x19a12</load_address>
         <run_address>0x19a12</run_address>
         <size>0x293</size>
         <input_file_ref idref="fl-d6"/>
      </object_component>
      <object_component id="oc-16">
         <name>.debug_info</name>
         <load_address>0x19ca5</load_address>
         <run_address>0x19ca5</run_address>
         <size>0x245</size>
         <input_file_ref idref="fl-d6"/>
      </object_component>
      <object_component id="oc-2a">
         <name>.debug_info</name>
         <load_address>0x19eea</load_address>
         <run_address>0x19eea</run_address>
         <size>0x60</size>
         <input_file_ref idref="fl-d6"/>
      </object_component>
      <object_component id="oc-b7">
         <name>.debug_info</name>
         <load_address>0x19f4a</load_address>
         <run_address>0x19f4a</run_address>
         <size>0x46</size>
         <input_file_ref idref="fl-d6"/>
      </object_component>
      <object_component id="oc-75">
         <name>.debug_info</name>
         <load_address>0x19f90</load_address>
         <run_address>0x19f90</run_address>
         <size>0x39</size>
         <input_file_ref idref="fl-d6"/>
      </object_component>
      <object_component id="oc-1f4">
         <name>.debug_info</name>
         <load_address>0x19fc9</load_address>
         <run_address>0x19fc9</run_address>
         <size>0xf0</size>
         <input_file_ref idref="fl-d7"/>
      </object_component>
      <object_component id="oc-162">
         <name>.debug_info</name>
         <load_address>0x1a0b9</load_address>
         <run_address>0x1a0b9</run_address>
         <size>0x132</size>
         <input_file_ref idref="fl-d7"/>
      </object_component>
      <object_component id="oc-27">
         <name>.debug_info</name>
         <load_address>0x1a1eb</load_address>
         <run_address>0x1a1eb</run_address>
         <size>0x100</size>
         <input_file_ref idref="fl-d8"/>
      </object_component>
      <object_component id="oc-53">
         <name>.debug_info</name>
         <load_address>0x1a2eb</load_address>
         <run_address>0x1a2eb</run_address>
         <size>0x1a4</size>
         <input_file_ref idref="fl-d8"/>
      </object_component>
      <object_component id="oc-36">
         <name>.debug_info</name>
         <load_address>0x1a48f</load_address>
         <run_address>0x1a48f</run_address>
         <size>0x111</size>
         <input_file_ref idref="fl-da"/>
      </object_component>
      <object_component id="oc-19e">
         <name>.debug_info</name>
         <load_address>0x1a5a0</load_address>
         <run_address>0x1a5a0</run_address>
         <size>0x547</size>
         <input_file_ref idref="fl-db"/>
      </object_component>
      <object_component id="oc-114">
         <name>.debug_info</name>
         <load_address>0x1aae7</load_address>
         <run_address>0x1aae7</run_address>
         <size>0x19b</size>
         <input_file_ref idref="fl-db"/>
      </object_component>
      <object_component id="oc-21a">
         <name>.debug_info</name>
         <load_address>0x1ac82</load_address>
         <run_address>0x1ac82</run_address>
         <size>0x39</size>
         <input_file_ref idref="fl-db"/>
      </object_component>
      <object_component id="oc-28e">
         <name>.debug_info</name>
         <load_address>0x1acbb</load_address>
         <run_address>0x1acbb</run_address>
         <size>0x39</size>
         <input_file_ref idref="fl-db"/>
      </object_component>
      <object_component id="oc-21f">
         <name>.debug_info</name>
         <load_address>0x1acf4</load_address>
         <run_address>0x1acf4</run_address>
         <size>0x39</size>
         <input_file_ref idref="fl-db"/>
      </object_component>
      <object_component id="oc-224">
         <name>.debug_info</name>
         <load_address>0x1ad2d</load_address>
         <run_address>0x1ad2d</run_address>
         <size>0xcd</size>
         <input_file_ref idref="fl-db"/>
      </object_component>
      <object_component id="oc-91">
         <name>.debug_info</name>
         <load_address>0x1adfa</load_address>
         <run_address>0x1adfa</run_address>
         <size>0x148</size>
         <input_file_ref idref="fl-dc"/>
      </object_component>
      <object_component id="oc-10a">
         <name>.debug_info</name>
         <load_address>0x1af42</load_address>
         <run_address>0x1af42</run_address>
         <size>0x117</size>
         <input_file_ref idref="fl-de"/>
      </object_component>
      <object_component id="oc-214">
         <name>.debug_info</name>
         <load_address>0x1b059</load_address>
         <run_address>0x1b059</run_address>
         <size>0x2be</size>
         <input_file_ref idref="fl-df"/>
      </object_component>
      <object_component id="oc-198">
         <name>.debug_info</name>
         <load_address>0x1b317</load_address>
         <run_address>0x1b317</run_address>
         <size>0x113</size>
         <input_file_ref idref="fl-df"/>
      </object_component>
      <object_component id="oc-210">
         <name>.debug_info</name>
         <load_address>0x1b42a</load_address>
         <run_address>0x1b42a</run_address>
         <size>0x123</size>
         <input_file_ref idref="fl-df"/>
      </object_component>
      <object_component id="oc-376">
         <name>.debug_info</name>
         <load_address>0x1b54d</load_address>
         <run_address>0x1b54d</run_address>
         <size>0x98</size>
      </object_component>
      <object_component id="oc-1b4">
         <name>.debug_line</name>
         <load_address>0x0</load_address>
         <run_address>0x0</run_address>
         <size>0x6a</size>
         <input_file_ref idref="fl-2"/>
      </object_component>
      <object_component id="oc-d7">
         <name>.debug_line</name>
         <load_address>0x6a</load_address>
         <run_address>0x6a</run_address>
         <size>0x65</size>
         <input_file_ref idref="fl-2"/>
      </object_component>
      <object_component id="oc-156">
         <name>.debug_line</name>
         <load_address>0xcf</load_address>
         <run_address>0xcf</run_address>
         <size>0x46</size>
         <input_file_ref idref="fl-2"/>
      </object_component>
      <object_component id="oc-105">
         <name>.debug_line</name>
         <load_address>0x115</load_address>
         <run_address>0x115</run_address>
         <size>0x2f</size>
         <input_file_ref idref="fl-2"/>
      </object_component>
      <object_component id="oc-b5">
         <name>.debug_line</name>
         <load_address>0x144</load_address>
         <run_address>0x144</run_address>
         <size>0x6e</size>
         <input_file_ref idref="fl-2"/>
      </object_component>
      <object_component id="oc-32">
         <name>.debug_line</name>
         <load_address>0x1b2</load_address>
         <run_address>0x1b2</run_address>
         <size>0x20</size>
         <input_file_ref idref="fl-2"/>
      </object_component>
      <object_component id="oc-149">
         <name>.debug_line</name>
         <load_address>0x1d2</load_address>
         <run_address>0x1d2</run_address>
         <size>0x72</size>
         <input_file_ref idref="fl-2"/>
      </object_component>
      <object_component id="oc-2e3">
         <name>.debug_line</name>
         <load_address>0x244</load_address>
         <run_address>0x244</run_address>
         <size>0x6e</size>
         <input_file_ref idref="fl-2"/>
      </object_component>
      <object_component id="oc-173">
         <name>.debug_line</name>
         <load_address>0x2b2</load_address>
         <run_address>0x2b2</run_address>
         <size>0x6f</size>
         <input_file_ref idref="fl-2"/>
      </object_component>
      <object_component id="oc-1b8">
         <name>.debug_line</name>
         <load_address>0x321</load_address>
         <run_address>0x321</run_address>
         <size>0x71</size>
         <input_file_ref idref="fl-2"/>
      </object_component>
      <object_component id="oc-1e8">
         <name>.debug_line</name>
         <load_address>0x392</load_address>
         <run_address>0x392</run_address>
         <size>0xfb</size>
         <input_file_ref idref="fl-3"/>
      </object_component>
      <object_component id="oc-9a">
         <name>.debug_line</name>
         <load_address>0x48d</load_address>
         <run_address>0x48d</run_address>
         <size>0x5d</size>
         <input_file_ref idref="fl-3"/>
      </object_component>
      <object_component id="oc-d1">
         <name>.debug_line</name>
         <load_address>0x4ea</load_address>
         <run_address>0x4ea</run_address>
         <size>0x49</size>
         <input_file_ref idref="fl-3"/>
      </object_component>
      <object_component id="oc-f5">
         <name>.debug_line</name>
         <load_address>0x533</load_address>
         <run_address>0x533</run_address>
         <size>0x97</size>
         <input_file_ref idref="fl-3"/>
      </object_component>
      <object_component id="oc-ef">
         <name>.debug_line</name>
         <load_address>0x5ca</load_address>
         <run_address>0x5ca</run_address>
         <size>0x89</size>
         <input_file_ref idref="fl-3"/>
      </object_component>
      <object_component id="oc-cb">
         <name>.debug_line</name>
         <load_address>0x653</load_address>
         <run_address>0x653</run_address>
         <size>0x5b</size>
         <input_file_ref idref="fl-3"/>
      </object_component>
      <object_component id="oc-15c">
         <name>.debug_line</name>
         <load_address>0x6ae</load_address>
         <run_address>0x6ae</run_address>
         <size>0x4c</size>
         <input_file_ref idref="fl-3"/>
      </object_component>
      <object_component id="oc-1d3">
         <name>.debug_line</name>
         <load_address>0x6fa</load_address>
         <run_address>0x6fa</run_address>
         <size>0x46</size>
         <input_file_ref idref="fl-3"/>
      </object_component>
      <object_component id="oc-1f1">
         <name>.debug_line</name>
         <load_address>0x740</load_address>
         <run_address>0x740</run_address>
         <size>0x78</size>
         <input_file_ref idref="fl-3"/>
      </object_component>
      <object_component id="oc-1ec">
         <name>.debug_line</name>
         <load_address>0x7b8</load_address>
         <run_address>0x7b8</run_address>
         <size>0x7b</size>
         <input_file_ref idref="fl-3"/>
      </object_component>
      <object_component id="oc-100">
         <name>.debug_line</name>
         <load_address>0x833</load_address>
         <run_address>0x833</run_address>
         <size>0x64</size>
         <input_file_ref idref="fl-3"/>
      </object_component>
      <object_component id="oc-fb">
         <name>.debug_line</name>
         <load_address>0x897</load_address>
         <run_address>0x897</run_address>
         <size>0x20</size>
         <input_file_ref idref="fl-3"/>
      </object_component>
      <object_component id="oc-30d">
         <name>.debug_line</name>
         <load_address>0x8b7</load_address>
         <run_address>0x8b7</run_address>
         <size>0x79</size>
         <input_file_ref idref="fl-3"/>
      </object_component>
      <object_component id="oc-aa">
         <name>.debug_line</name>
         <load_address>0x930</load_address>
         <run_address>0x930</run_address>
         <size>0x66</size>
         <input_file_ref idref="fl-4"/>
      </object_component>
      <object_component id="oc-2da">
         <name>.debug_line</name>
         <load_address>0x996</load_address>
         <run_address>0x996</run_address>
         <size>0xe8</size>
         <input_file_ref idref="fl-5"/>
      </object_component>
      <object_component id="oc-243">
         <name>.debug_line</name>
         <load_address>0xa7e</load_address>
         <run_address>0xa7e</run_address>
         <size>0x4d</size>
         <input_file_ref idref="fl-5"/>
      </object_component>
      <object_component id="oc-275">
         <name>.debug_line</name>
         <load_address>0xacb</load_address>
         <run_address>0xacb</run_address>
         <size>0x4d</size>
         <input_file_ref idref="fl-5"/>
      </object_component>
      <object_component id="oc-318">
         <name>.debug_line</name>
         <load_address>0xb18</load_address>
         <run_address>0xb18</run_address>
         <size>0x4d</size>
         <input_file_ref idref="fl-5"/>
      </object_component>
      <object_component id="oc-232">
         <name>.debug_line</name>
         <load_address>0xb65</load_address>
         <run_address>0xb65</run_address>
         <size>0x95</size>
         <input_file_ref idref="fl-5"/>
      </object_component>
      <object_component id="oc-2c2">
         <name>.debug_line</name>
         <load_address>0xbfa</load_address>
         <run_address>0xbfa</run_address>
         <size>0x8e</size>
         <input_file_ref idref="fl-5"/>
      </object_component>
      <object_component id="oc-238">
         <name>.debug_line</name>
         <load_address>0xc88</load_address>
         <run_address>0xc88</run_address>
         <size>0x71</size>
         <input_file_ref idref="fl-5"/>
      </object_component>
      <object_component id="oc-248">
         <name>.debug_line</name>
         <load_address>0xcf9</load_address>
         <run_address>0xcf9</run_address>
         <size>0x68</size>
         <input_file_ref idref="fl-5"/>
      </object_component>
      <object_component id="oc-24e">
         <name>.debug_line</name>
         <load_address>0xd61</load_address>
         <run_address>0xd61</run_address>
         <size>0x103</size>
         <input_file_ref idref="fl-5"/>
      </object_component>
      <object_component id="oc-254">
         <name>.debug_line</name>
         <load_address>0xe64</load_address>
         <run_address>0xe64</run_address>
         <size>0x73</size>
         <input_file_ref idref="fl-5"/>
      </object_component>
      <object_component id="oc-25a">
         <name>.debug_line</name>
         <load_address>0xed7</load_address>
         <run_address>0xed7</run_address>
         <size>0x73</size>
         <input_file_ref idref="fl-5"/>
      </object_component>
      <object_component id="oc-261">
         <name>.debug_line</name>
         <load_address>0xf4a</load_address>
         <run_address>0xf4a</run_address>
         <size>0x7e</size>
         <input_file_ref idref="fl-5"/>
      </object_component>
      <object_component id="oc-267">
         <name>.debug_line</name>
         <load_address>0xfc8</load_address>
         <run_address>0xfc8</run_address>
         <size>0x65</size>
         <input_file_ref idref="fl-5"/>
      </object_component>
      <object_component id="oc-26c">
         <name>.debug_line</name>
         <load_address>0x102d</load_address>
         <run_address>0x102d</run_address>
         <size>0x60</size>
         <input_file_ref idref="fl-5"/>
      </object_component>
      <object_component id="oc-273">
         <name>.debug_line</name>
         <load_address>0x108d</load_address>
         <run_address>0x108d</run_address>
         <size>0x68</size>
         <input_file_ref idref="fl-5"/>
      </object_component>
      <object_component id="oc-2de">
         <name>.debug_line</name>
         <load_address>0x10f5</load_address>
         <run_address>0x10f5</run_address>
         <size>0x7b</size>
         <input_file_ref idref="fl-5"/>
      </object_component>
      <object_component id="oc-341">
         <name>.debug_line</name>
         <load_address>0x1170</load_address>
         <run_address>0x1170</run_address>
         <size>0xd3</size>
         <input_file_ref idref="fl-6"/>
      </object_component>
      <object_component id="oc-331">
         <name>.debug_line</name>
         <load_address>0x1243</load_address>
         <run_address>0x1243</run_address>
         <size>0x61</size>
         <input_file_ref idref="fl-6"/>
      </object_component>
      <object_component id="oc-29e">
         <name>.debug_line</name>
         <load_address>0x12a4</load_address>
         <run_address>0x12a4</run_address>
         <size>0x7c</size>
         <input_file_ref idref="fl-6"/>
      </object_component>
      <object_component id="oc-2a4">
         <name>.debug_line</name>
         <load_address>0x1320</load_address>
         <run_address>0x1320</run_address>
         <size>0x7e</size>
         <input_file_ref idref="fl-6"/>
      </object_component>
      <object_component id="oc-2b6">
         <name>.debug_line</name>
         <load_address>0x139e</load_address>
         <run_address>0x139e</run_address>
         <size>0x7d</size>
         <input_file_ref idref="fl-6"/>
      </object_component>
      <object_component id="oc-2bc">
         <name>.debug_line</name>
         <load_address>0x141b</load_address>
         <run_address>0x141b</run_address>
         <size>0x7b</size>
         <input_file_ref idref="fl-6"/>
      </object_component>
      <object_component id="oc-b1">
         <name>.debug_line</name>
         <load_address>0x1496</load_address>
         <run_address>0x1496</run_address>
         <size>0x44</size>
         <input_file_ref idref="fl-7"/>
      </object_component>
      <object_component id="oc-71">
         <name>.debug_line</name>
         <load_address>0x14da</load_address>
         <run_address>0x14da</run_address>
         <size>0x44</size>
         <input_file_ref idref="fl-7"/>
      </object_component>
      <object_component id="oc-68">
         <name>.debug_line</name>
         <load_address>0x151e</load_address>
         <run_address>0x151e</run_address>
         <size>0x5d</size>
         <input_file_ref idref="fl-7"/>
      </object_component>
      <object_component id="oc-6b">
         <name>.debug_line</name>
         <load_address>0x157b</load_address>
         <run_address>0x157b</run_address>
         <size>0x59</size>
         <input_file_ref idref="fl-7"/>
      </object_component>
      <object_component id="oc-2e8">
         <name>.debug_line</name>
         <load_address>0x15d4</load_address>
         <run_address>0x15d4</run_address>
         <size>0x20</size>
         <input_file_ref idref="fl-8"/>
      </object_component>
      <object_component id="oc-2e6">
         <name>.debug_line</name>
         <load_address>0x15f4</load_address>
         <run_address>0x15f4</run_address>
         <size>0x39</size>
         <input_file_ref idref="fl-8"/>
      </object_component>
      <object_component id="oc-27c">
         <name>.debug_line</name>
         <load_address>0x162d</load_address>
         <run_address>0x162d</run_address>
         <size>0x39</size>
         <input_file_ref idref="fl-8"/>
      </object_component>
      <object_component id="oc-1fa">
         <name>.debug_line</name>
         <load_address>0x1666</load_address>
         <run_address>0x1666</run_address>
         <size>0x8a</size>
         <input_file_ref idref="fl-13"/>
      </object_component>
      <object_component id="oc-1c1">
         <name>.debug_line</name>
         <load_address>0x16f0</load_address>
         <run_address>0x16f0</run_address>
         <size>0x58</size>
         <input_file_ref idref="fl-13"/>
      </object_component>
      <object_component id="oc-1c7">
         <name>.debug_line</name>
         <load_address>0x1748</load_address>
         <run_address>0x1748</run_address>
         <size>0x51</size>
         <input_file_ref idref="fl-13"/>
      </object_component>
      <object_component id="oc-1cd">
         <name>.debug_line</name>
         <load_address>0x1799</load_address>
         <run_address>0x1799</run_address>
         <size>0x54</size>
         <input_file_ref idref="fl-13"/>
      </object_component>
      <object_component id="oc-de">
         <name>.debug_line</name>
         <load_address>0x17ed</load_address>
         <run_address>0x17ed</run_address>
         <size>0x4e</size>
         <input_file_ref idref="fl-13"/>
      </object_component>
      <object_component id="oc-1d6">
         <name>.debug_line</name>
         <load_address>0x183b</load_address>
         <run_address>0x183b</run_address>
         <size>0x4e</size>
         <input_file_ref idref="fl-13"/>
      </object_component>
      <object_component id="oc-287">
         <name>.debug_line</name>
         <load_address>0x1889</load_address>
         <run_address>0x1889</run_address>
         <size>0x20</size>
         <input_file_ref idref="fl-14"/>
      </object_component>
      <object_component id="oc-18e">
         <name>.debug_line</name>
         <load_address>0x18a9</load_address>
         <run_address>0x18a9</run_address>
         <size>0x4d</size>
         <input_file_ref idref="fl-14"/>
      </object_component>
      <object_component id="oc-202">
         <name>.debug_line</name>
         <load_address>0x18f6</load_address>
         <run_address>0x18f6</run_address>
         <size>0x4e</size>
         <input_file_ref idref="fl-14"/>
      </object_component>
      <object_component id="oc-178">
         <name>.debug_line</name>
         <load_address>0x1944</load_address>
         <run_address>0x1944</run_address>
         <size>0x4e</size>
         <input_file_ref idref="fl-14"/>
      </object_component>
      <object_component id="oc-16b">
         <name>.debug_line</name>
         <load_address>0x1992</load_address>
         <run_address>0x1992</run_address>
         <size>0x4e</size>
         <input_file_ref idref="fl-14"/>
      </object_component>
      <object_component id="oc-23e">
         <name>.debug_line</name>
         <load_address>0x19e0</load_address>
         <run_address>0x19e0</run_address>
         <size>0x4e</size>
         <input_file_ref idref="fl-14"/>
      </object_component>
      <object_component id="oc-2ec">
         <name>.debug_line</name>
         <load_address>0x1a2e</load_address>
         <run_address>0x1a2e</run_address>
         <size>0x20</size>
         <input_file_ref idref="fl-15"/>
      </object_component>
      <object_component id="oc-2ea">
         <name>.debug_line</name>
         <load_address>0x1a4e</load_address>
         <run_address>0x1a4e</run_address>
         <size>0x40</size>
[...]
            <run_size>0x1c</run_size>
            <compression>lzss</compression>
         </cprec>
         <cprec>
            <name>.bss</name>
            <load_address>0x2c48</load_address>
            <load_size>0x8</load_size>
            <run_address>0x2000001c</run_address>
            <run_size>0xa</run_size>
            <compression>zero_init</compression>
         </cprec>
      </cptbl>
   </cptbl_list>
   <handler_table>
      <handler_table_name>__TI_handler_table</handler_table_name>
      <handler>
         <index>0x0</index>
         <name>__TI_decompress_lzss</name>
      </handler>
      <handler>
         <index>0x1</index>
         <name>__TI_decompress_none</name>
      </handler>
      <handler>
         <index>0x2</index>
         <name>__TI_zero_init</name>
      </handler>
   </handler_table>
   <symbol_table>
      <symbol id="sm-1">
         <name>WDTCTL_SYM</name>
         <value>0x4000480c</value>
      </symbol>
      <symbol id="sm-2">
         <name>__TI_CINIT_Base</name>
         <value>0x2c50</value>
      </symbol>
      <symbol id="sm-3">
         <name>__TI_CINIT_Limit</name>
         <value>0x2c60</value>
      </symbol>
      <symbol id="sm-4">
         <name>__TI_Handler_Table_Base</name>
         <value>0x2c38</value>
      </symbol>
      <symbol id="sm-5">
         <name>__TI_Handler_Table_Limit</name>
         <value>0x2c44</value>
      </symbol>
      <symbol id="sm-6">
         <name>binit</name>
         <value>0xffffffff</value>
      </symbol>
      <symbol id="sm-7">
         <name>__binit__</name>
         <value>0xffffffff</value>
      </symbol>
      <symbol id="sm-8">
         <name>__STACK_SIZE</name>
         <value>0x200</value>
      </symbol>
      <symbol id="sm-9">
         <name>__STACK_END</name>
         <value>0x20010000</value>
      </symbol>
      <symbol id="sm-a">
         <name>__c_args__</name>
         <value>0xffffffff</value>
      </symbol>
      <symbol id="sm-b">
         <name>__TI_pprof_out_hndl</name>
         <value>0xffffffff</value>
      </symbol>
      <symbol id="sm-c">
         <name>__TI_prof_data_start</name>
         <value>0xffffffff</value>
      </symbol>
      <symbol id="sm-d">
         <name>__TI_prof_data_size</name>
         <value>0xffffffff</value>
      </symbol>
      <symbol id="sm-72">
         <name>RandomColor</name>
         <value>0xf6d</value>
         <object_component_ref idref="oc-d3"/>
      </symbol>
      <symbol id="sm-73">
         <name>initColor</name>
         <value>0x1a15</value>
         <object_component_ref idref="oc-152"/>
      </symbol>
      <symbol id="sm-fa">
         <name>colorsMatched</name>
         <value>0x1a6f</value>
         <object_component_ref idref="oc-cd"/>
      </symbol>
      <symbol id="sm-fb">
         <name>BoosterLEDColors</name>
         <value>0x565</value>
         <object_component_ref idref="oc-f1"/>
      </symbol>
      <symbol id="sm-fc">
         <name>initialize</name>
         <value>0xe61</value>
         <object_component_ref idref="oc-c7"/>
      </symbol>
      <symbol id="sm-fd">
         <name>main</name>
         <value>0x141d</value>
         <object_component_ref idref="oc-96"/>
      </symbol>
      <symbol id="sm-fe">
         <name>LED2Colors</name>
         <value>0x9a5</value>
         <object_component_ref idref="oc-eb"/>
      </symbol>
      <symbol id="sm-ff">
         <name>InitFonts</name>
         <value>0x1b55</value>
         <object_component_ref idref="oc-1ce"/>
      </symbol>
      <symbol id="sm-100">
         <name>InitGraphics</name>
         <value>0x132d</value>
         <object_component_ref idref="oc-158"/>
      </symbol>
      <symbol id="sm-113">
         <name>SystemInit</name>
         <value>0x13a5</value>
         <object_component_ref idref="oc-a8"/>
      </symbol>
      <symbol id="sm-1c7">
         <name>Lcd_Orientation</name>
         <value>0x20000024</value>
      </symbol>
      <symbol id="sm-1c8">
         <name>Lcd_ScreenWidth</name>
         <value>0x2000001e</value>
      </symbol>
      <symbol id="sm-1c9">
         <name>Lcd_ScreenHeigth</name>
         <value>0x2000001c</value>
      </symbol>
      <symbol id="sm-1ca">
         <name>Lcd_PenSolid</name>
         <value>0x20000025</value>
      </symbol>
      <symbol id="sm-1cb">
         <name>Lcd_FontSolid</name>
         <value>0x20000023</value>
      </symbol>
      <symbol id="sm-1cc">
         <name>Lcd_FlagRead</name>
         <value>0x20000022</value>
      </symbol>
      <symbol id="sm-1cd">
         <name>Lcd_TouchTrim</name>
         <value>0x20000020</value>
      </symbol>
      <symbol id="sm-1ce">
         <name>Crystalfontz128x128_SetDrawFrame</name>
         <value>0xaed</value>
         <object_component_ref idref="oc-2be"/>
      </symbol>
      <symbol id="sm-1cf">
         <name>Crystalfontz128x128_SetOrientation</name>
         <value>0x15bd</value>
         <object_component_ref idref="oc-234"/>
      </symbol>
      <symbol id="sm-1d0">
         <name>g_sCrystalfontz128x128_funcs</name>
         <value>0x2bdc</value>
         <object_component_ref idref="oc-1dd"/>
      </symbol>
      <symbol id="sm-1d1">
         <name>g_sCrystalfontz128x128</name>
         <value>0x20000000</value>
         <object_component_ref idref="oc-1da"/>
      </symbol>
      <symbol id="sm-1d2">
         <name>Crystalfontz128x128_Init</name>
         <value>0xc21</value>
         <object_component_ref idref="oc-22e"/>
      </symbol>
      <symbol id="sm-20b">
         <name>HAL_LCD_writeData</name>
         <value>0x194d</value>
         <object_component_ref idref="oc-2b8"/>
      </symbol>
      <symbol id="sm-20c">
         <name>HAL_LCD_SpiInit</name>
         <value>0x1769</value>
         <object_component_ref idref="oc-2a0"/>
      </symbol>
      <symbol id="sm-20d">
         <name>HAL_LCD_PortInit</name>
         <value>0x18c5</value>
         <object_component_ref idref="oc-29a"/>
      </symbol>
      <symbol id="sm-20e">
         <name>HAL_LCD_writeCommand</name>
         <value>0x17e9</value>
         <object_component_ref idref="oc-2b2"/>
      </symbol>
      <symbol id="sm-22a">
         <name>Reset_Handler</name>
         <value>0x1b71</value>
         <object_component_ref idref="oc-64"/>
      </symbol>
      <symbol id="sm-22b">
         <name>Default_Handler</name>
         <value>0x563</value>
         <object_component_ref idref="oc-6a"/>
      </symbol>
      <symbol id="sm-22c">
         <name>interruptVectors</name>
         <value>0x0</value>
         <object_component_ref idref="oc-23"/>
      </symbol>
      <symbol id="sm-23e">
         <name>g_sFontCmtt16</name>
         <value>0x2ae4</value>
         <object_component_ref idref="oc-1e0"/>
      </symbol>
      <symbol id="sm-26b">
         <name>Graphics_setBackgroundColor</name>
         <value>0x1aa5</value>
         <object_component_ref idref="oc-1c2"/>
      </symbol>
      <symbol id="sm-26c">
         <name>Graphics_setFont</name>
         <value>0x1abf</value>
         <object_component_ref idref="oc-1c8"/>
      </symbol>
      <symbol id="sm-26d">
         <name>Graphics_initContext</name>
         <value>0x1611</value>
         <object_component_ref idref="oc-1bc"/>
      </symbol>
      <symbol id="sm-26e">
         <name>Graphics_setForegroundColor</name>
         <value>0x1b05</value>
         <object_component_ref idref="oc-d9"/>
      </symbol>
      <symbol id="sm-26f">
         <name>Graphics_clearDisplay</name>
         <value>0x1b31</value>
         <object_component_ref idref="oc-1d4"/>
      </symbol>
      <symbol id="sm-29c">
         <name>Graphics_clearDisplayOnDisplay</name>
         <value>0x1a8b</value>
         <object_component_ref idref="oc-23b"/>
      </symbol>
      <symbol id="sm-29d">
         <name>Graphics_drawPixelOnDisplay</name>
         <value>0x1921</value>
         <object_component_ref idref="oc-189"/>
      </symbol>
      <symbol id="sm-29e">
         <name>Graphics_translateColorOnDisplay</name>
         <value>0x1b1b</value>
         <object_component_ref idref="oc-168"/>
      </symbol>
      <symbol id="sm-29f">
         <name>Graphics_drawHorizontalLineOnDisplay</name>
         <value>0x1859</value>
         <object_component_ref idref="oc-1ff"/>
      </symbol>
      <symbol id="sm-2a0">
         <name>Graphics_fillRectangleOnDisplay</name>
         <value>0x1a35</value>
         <object_component_ref idref="oc-175"/>
      </symbol>
      <symbol id="sm-2b2">
         <name>g_sFontCmss18b</name>
         <value>0x2a1c</value>
         <object_component_ref idref="oc-1e3"/>
      </symbol>
      <symbol id="sm-2c9">
         <name>Graphics_fillRectangle</name>
         <value>0xd4d</value>
         <object_component_ref idref="oc-df"/>
      </symbol>
      <symbol id="sm-309">
         <name>Graphics_drawString</name>
         <value>0xe5</value>
         <object_component_ref idref="oc-e5"/>
      </symbol>
      <symbol id="sm-31c">
         <name>Graphics_drawLineH</name>
         <value>0x116b</value>
         <object_component_ref idref="oc-183"/>
      </symbol>
      <symbol id="sm-35a">
         <name>GPIO_setOutputHighOnPin</name>
         <value>0x19a1</value>
         <object_component_ref idref="oc-2ac"/>
      </symbol>
      <symbol id="sm-35b">
         <name>GPIO_setAsOutputPin</name>
         <value>0x16e9</value>
         <object_component_ref idref="oc-2f3"/>
      </symbol>
      <symbol id="sm-35c">
         <name>GPIO_setOutputLowOnPin</name>
         <value>0x19c9</value>
         <object_component_ref idref="oc-2a6"/>
      </symbol>
      <symbol id="sm-35d">
         <name>GPIO_setAsPeripheralModuleFunctionOutputPin</name>
         <value>0x12a5</value>
         <object_component_ref idref="oc-2ed"/>
      </symbol>
      <symbol id="sm-398">
         <name>EUSCI_B_SPI_enable</name>
         <value>0x1aef</value>
         <object_component_ref idref="oc-329"/>
      </symbol>
      <symbol id="sm-399">
         <name>SPI_enableModule</name>
         <value>0x1a53</value>
         <object_component_ref idref="oc-300"/>
      </symbol>
      <symbol id="sm-39a">
         <name>EUSCI_A_SPI_enable</name>
         <value>0x1ad9</value>
         <object_component_ref idref="oc-323"/>
      </symbol>
      <symbol id="sm-39b">
         <name>SPI_initMaster</name>
         <value>0x101f</value>
         <object_component_ref idref="oc-2fa"/>
      </symbol>
      <symbol id="sm-3a7">
         <name>WDT_A_holdTimer</name>
         <value>0x19f1</value>
         <object_component_ref idref="oc-14c"/>
      </symbol>
      <symbol id="sm-3c2">
         <name>__TI_zero_init_nomemset</name>
         <value>0x1b43</value>
         <object_component_ref idref="oc-40"/>
      </symbol>
      <symbol id="sm-3d9">
         <name>__TI_decompress_none</name>
         <value>0x1b63</value>
         <object_component_ref idref="oc-1a"/>
      </symbol>
      <symbol id="sm-3fc">
         <name>__TI_decompress_lzss</name>
         <value>0x1495</value>
         <object_component_ref idref="oc-14"/>
      </symbol>
      <symbol id="sm-412">
         <name>rand</name>
         <value>0x1891</value>
         <object_component_ref idref="oc-161"/>
      </symbol>
      <symbol id="sm-425">
         <name>__stack</name>
         <value>0x2000fe00</value>
         <object_component_ref idref="oc-26"/>
      </symbol>
      <symbol id="sm-426">
         <name>_c_int00_noargs</name>
         <value>0x1821</value>
         <object_component_ref idref="oc-52"/>
      </symbol>
      <symbol id="sm-442">
         <name>memcpy</name>
         <value>0x1207</value>
         <object_component_ref idref="oc-34"/>
      </symbol>
      <symbol id="sm-443">
         <name>__aeabi_memcpy</name>
         <value>0x1207</value>
         <object_component_ref idref="oc-34"/>
      </symbol>
      <symbol id="sm-444">
         <name>__aeabi_memcpy8</name>
         <value>0x1207</value>
         <object_component_ref idref="oc-34"/>
      </symbol>
      <symbol id="sm-445">
         <name>__aeabi_memcpy4</name>
         <value>0x1207</value>
         <object_component_ref idref="oc-34"/>
      </symbol>
      <symbol id="sm-46d">
         <name>__TI_auto_init_nobinit_nopinit</name>
         <value>0x1665</value>
         <object_component_ref idref="oc-113"/>
      </symbol>
      <symbol id="sm-477">
         <name>_system_pre_init</name>
         <value>0x1b87</value>
         <object_component_ref idref="oc-90"/>
      </symbol>
      <symbol id="sm-483">
         <name>C$$EXIT</name>
         <value>0x1b8b</value>
         <object_component_ref idref="oc-107"/>
      </symbol>
      <symbol id="sm-484">
         <name>abort</name>
         <value>0x1b8b</value>
         <object_component_ref idref="oc-107"/>
      </symbol>
      <symbol id="sm-499">
         <name>_nop</name>
         <value>0xe5f</value>
         <object_component_ref idref="oc-20c"/>
      </symbol>
      <symbol id="sm-49a">
         <name>_lock</name>
         <value>0x20000010</value>
         <object_component_ref idref="oc-197"/>
      </symbol>
      <symbol id="sm-49b">
         <name>_unlock</name>
         <value>0x20000014</value>
         <object_component_ref idref="oc-197"/>
      </symbol>
      <symbol id="sm-49d">
         <name>__TI_static_base__</name>
         <value>0x0</value>
      </symbol>
      <symbol id="sm-4a0">
         <name>__mpu_init</name>
         <value>0x0</value>
      </symbol>
      <symbol id="sm-4a1">
         <name>_system_post_cinit</name>
         <value>0x0</value>
      </symbol>
      <symbol id="sm-4a2">
         <name>NMI_Handler</name>
         <value>0x563</value>
      </symbol>
      <symbol id="sm-4a3">
         <name>HardFault_Handler</name>
         <value>0x563</value>
      </symbol>
      <symbol id="sm-4a4">
         <name>MemManage_Handler</name>
         <value>0x563</value>
      </symbol>
      <symbol id="sm-4a5">
         <name>BusFault_Handler</name>
         <value>0x563</value>
      </symbol>
      <symbol id="sm-4a6">
         <name>UsageFault_Handler</name>
         <value>0x563</value>
      </symbol>
      <symbol id="sm-4a7">
         <name>SVC_Handler</name>
         <value>0x563</value>
      </symbol>
      <symbol id="sm-4a8">
         <name>DebugMon_Handler</name>
         <value>0x563</value>
      </symbol>
      <symbol id="sm-4a9">
         <name>PendSV_Handler</name>
         <value>0x563</value>
      </symbol>
      <symbol id="sm-4aa">
         <name>SysTick_Handler</name>
         <value>0x563</value>
      </symbol>
      <symbol id="sm-4ab">
         <name>PSS_IRQHandler</name>
         <value>0x563</value>
      </symbol>
      <symbol id="sm-4ac">
         <name>CS_IRQHandler</name>
         <value>0x563</value>
      </symbol>
      <symbol id="sm-4ad">
         <name>PCM_IRQHandler</name>
         <value>0x563</value>
      </symbol>
      <symbol id="sm-4ae">
         <name>WDT_A_IRQHandler</name>
         <value>0x563</value>
      </symbol>
      <symbol id="sm-4af">
         <name>FPU_IRQHandler</name>
         <value>0x563</value>
      </symbol>
      <symbol id="sm-4b0">
         <name>FLCTL_IRQHandler</name>
         <value>0x563</value>
      </symbol>
      <symbol id="sm-4b1">
         <name>COMP_E0_IRQHandler</name>
         <value>0x563</value>
      </symbol>
      <symbol id="sm-4b2">
         <name>COMP_E1_IRQHandler</name>
         <value>0x563</value>
      </symbol>
      <symbol id="sm-4b3">
         <name>TA0_0_IRQHandler</name>
         <value>0x563</value>
      </symbol>
      <symbol id="sm-4b4">
         <name>TA0_N_IRQHandler</name>
         <value>0x563</value>
      </symbol>
      <symbol id="sm-4b5">
         <name>TA1_0_IRQHandler</name>
         <value>0x563</value>
      </symbol>
      <symbol id="sm-4b6">
         <name>TA1_N_IRQHandler</name>
         <value>0x563</value>
      </symbol>
      <symbol id="sm-4b7">
         <name>TA2_0_IRQHandler</name>
         <value>0x563</value>
      </symbol>
      <symbol id="sm-4b8">
         <name>TA2_N_IRQHandler</name>
         <value>0x563</value>
      </symbol>
      <symbol id="sm-4b9">
         <name>TA3_0_IRQHandler</name>
         <value>0x563</value>
      </symbol>
      <symbol id="sm-4ba">
         <name>TA3_N_IRQHandler</name>
         <value>0x563</value>
      </symbol>
      <symbol id="sm-4bb">
         <name>EUSCIA0_IRQHandler</name>
         <value>0x563</value>
      </symbol>
      <symbol id="sm-4bc">
         <name>EUSCIA1_IRQHandler</name>
         <value>0x563</value>
      </symbol>
      <symbol id="sm-4bd">
         <name>EUSCIA2_IRQHandler</name>
         <value>0x563</value>
      </symbol>
      <symbol id="sm-4be">
         <name>EUSCIA3_IRQHandler</name>
         <value>0x563</value>
      </symbol>
      <symbol id="sm-4bf">
         <name>EUSCIB0_IRQHandler</name>
         <value>0x563</value>
      </symbol>
      <symbol id="sm-4c0">
         <name>EUSCIB1_IRQHandler</name>
         <value>0x563</value>
      </symbol>
      <symbol id="sm-4c1">
         <name>EUSCIB2_IRQHandler</name>
         <value>0x563</value>
      </symbol>
      <symbol id="sm-4c2">
         <name>EUSCIB3_IRQHandler</name>
         <value>0x563</value>
      </symbol>
      <symbol id="sm-4c3">
         <name>ADC14_IRQHandler</name>
         <value>0x563</value>
      </symbol>
      <symbol id="sm-4c4">
         <name>T32_INT1_IRQHandler</name>
         <value>0x563</value>
      </symbol>
      <symbol id="sm-4c5">
         <name>T32_INT2_IRQHandler</name>
         <value>0x563</value>
      </symbol>
      <symbol id="sm-4c6">
         <name>T32_INTC_IRQHandler</name>
         <value>0x563</value>
      </symbol>
      <symbol id="sm-4c7">
         <name>AES256_IRQHandler</name>
         <value>0x563</value>
      </symbol>
      <symbol id="sm-4c8">
         <name>RTC_C_IRQHandler</name>
         <value>0x563</value>
      </symbol>
      <symbol id="sm-4c9">
         <name>DMA_ERR_IRQHandler</name>
         <value>0x563</value>
      </symbol>
      <symbol id="sm-4ca">
         <name>DMA_INT3_IRQHandler</name>
         <value>0x563</value>
      </symbol>
      <symbol id="sm-4cb">
         <name>DMA_INT2_IRQHandler</name>
         <value>0x563</value>
      </symbol>
      <symbol id="sm-4cc">
         <name>DMA_INT1_IRQHandler</name>
         <value>0x563</value>
      </symbol>
      <symbol id="sm-4cd">
         <name>DMA_INT0_IRQHandler</name>
         <value>0x563</value>
      </symbol>
      <symbol id="sm-4ce">
         <name>PORT1_IRQHandler</name>
         <value>0x563</value>
      </symbol>
      <symbol id="sm-4cf">
         <name>PORT2_IRQHandler</name>
         <value>0x563</value>
      </symbol>
      <symbol id="sm-4d0">
         <name>PORT3_IRQHandler</name>
         <value>0x563</value>
      </symbol>
      <symbol id="sm-4d1">
         <name>PORT4_IRQHandler</name>
         <value>0x563</value>
      </symbol>
      <symbol id="sm-4d2">
         <name>PORT5_IRQHandler</name>
         <value>0x563</value>
      </symbol>
      <symbol id="sm-4d3">
         <name>PORT6_IRQHandler</name>
         <value>0x563</value>
      </symbol>
   </symbol_table>
   <title>Link successful</title>
</link_info>
