******************************************************************************
                  TI ARM Linker PC v18.1.3                     
******************************************************************************
>> Linked Wed Jan 23 09:48:47 2019

OUTPUT FILE NAME:   <P1_Draft.out>
ENTRY POINT SYMBOL: "_c_int00_noargs"  address: 000018b5


MEMORY CONFIGURATION

         name            origin    length      used     unused   attr    fill
----------------------  --------  ---------  --------  --------  ----  --------
  MAIN                  00000000   00040000  00002cea  0003d316  R  X
  INFO                  00200000   00004000  00000000  00004000  R  X
  SRAM_CODE             01000000   00010000  0000021a  0000fde6  RW X
  SRAM_DATA             20000000   00010000  0000021a  0000fde6  RW  


SEGMENT ALLOCATION MAP

run origin  load origin   length   init length attrs members
----------  ----------- ---------- ----------- ----- -------
00000000    00000000    00002cf0   00002cf0    r-x
  00000000    00000000    000000e4   000000e4    r-- .intvecs
  000000e4    000000e4    00001b3e   00001b3e    r-x .text
  00001c24    00001c24    00001090   00001090    r-- .const
  00002cb8    00002cb8    00000038   00000038    r-- .cinit
20000000    20000000    0000001a   00000000    rw-
  20000000    20000000    00000010   00000000    rw- .data
  20000010    20000010    0000000a   00000000    rw- .bss
2000fe00    2000fe00    00000200   00000000    rw-
  2000fe00    2000fe00    00000200   00000000    rw- .stack


SECTION ALLOCATION MAP

 output                                  attributes/
section   page    origin      length       input sections
--------  ----  ----------  ----------   ----------------
.intvecs   0    00000000    000000e4     
                  00000000    000000e4     startup_msp432p401r_ccs.obj (.intvecs:retain)

.text      0    000000e4    00001b3e     
                  000000e4    0000047e     grlib.a : string.obj (.text:Graphics_drawString)
                  00000562    00000002     startup_msp432p401r_ccs.obj (.text:Default_Handler)
                  00000564    00000268     main.obj (.text:BoosterLEDColors)
                  000007cc    000001d8     Crystalfontz128x128_ST7735.obj (.text:Crystalfontz128x128_PixelDrawMultiple)
                  000009a4    00000148     main.obj (.text:LED2Colors)
                  00000aec    00000134     Crystalfontz128x128_ST7735.obj (.text:Crystalfontz128x128_SetDrawFrame)
                  00000c20    0000012c     Crystalfontz128x128_ST7735.obj (.text:Crystalfontz128x128_Init)
                  00000d4c    00000124     main.obj (.text:initialize)
                  00000e70    00000112     grlib.a : rectangle.obj (.text:Graphics_fillRectangle)
                  00000f82    00000002     --HOLE-- [fill = 0]
                  00000f84    000000e4     colors.obj (.text:SelectColor)
                  00001068    000000b0     msp432p4xx_driverlib.lib : spi.o (.text:SPI_initMaster)
                  00001118    000000a4     main.obj (.text:DisplayFunction)
                  000011bc    0000009c     Crystalfontz128x128_ST7735.obj (.text:Crystalfontz128x128_RectFill)
                  00001258    0000009c     grlib.a : line.obj (.text:Graphics_drawLineH)
                  000012f4    0000009c     rtsv7M4_T_le_v4SPD16_eabi.lib : memcpy_t2.asm.obj (.text)
                  00001390    00000098     main.obj (.text:InitGraphics)
                  00001428    00000088     msp432p4xx_driverlib.lib : gpio.o (.text:GPIO_setAsPeripheralModuleFunctionOutputPin)
                  000014b0    00000078     system_msp432p401r.obj (.text:SystemInit)
                  00001528    00000068     rtsv7M4_T_le_v4SPD16_eabi.lib : copy_decompress_lzss.c.obj (.text:decompress:lzss:__TI_decompress_lzss)
                  00001590    00000060     Crystalfontz128x128_ST7735.obj (.text:Crystalfontz128x128_LineDrawH)
                  000015f0    00000060     Crystalfontz128x128_ST7735.obj (.text:Crystalfontz128x128_LineDrawV)
                  00001650    00000054     Crystalfontz128x128_ST7735.obj (.text:Crystalfontz128x128_SetOrientation)
                  000016a4    00000052     grlib.a : context.obj (.text:Graphics_initContext)
                  000016f6    00000002     --HOLE-- [fill = 0]
                  000016f8    00000044     rtsv7M4_T_le_v4SPD16_eabi.lib : autoinit.c.obj (.text:__TI_auto_init_nobinit_nopinit:__TI_auto_init_nobinit_nopinit)
                  0000173c    00000040     Crystalfontz128x128_ST7735.obj (.text:Crystalfontz128x128_PixelDraw)
                  0000177c    00000040     msp432p4xx_driverlib.lib : gpio.o (.text:GPIO_setAsOutputPin)
                  000017bc    00000040     grlib.a : string.obj (.text:Graphics_getNumberOfLeadingZeros)
                  000017fc    00000040     HAL_MSP_EXP432P401R_Crystalfontz128x128_ST7735.obj (.text:HAL_LCD_SpiInit)
                  0000183c    00000040     msp432p4xx_driverlib.lib : spi.o (.text:is_A_Module)
                  0000187c    00000038     HAL_MSP_EXP432P401R_Crystalfontz128x128_ST7735.obj (.text:HAL_LCD_writeCommand)
                  000018b4    00000038     rtsv7M4_T_le_v4SPD16_eabi.lib : boot_cortex_m.c.obj (.text:_c_int00_noargs:_c_int00_noargs)
                  000018ec    00000036     grlib.a : display.obj (.text:Graphics_drawHorizontalLineOnDisplay)
                  00001922    00000030     HAL_MSP_EXP432P401R_Crystalfontz128x128_ST7735.obj (.text:HAL_LCD_PortInit)
                  00001952    00000002     --HOLE-- [fill = 0]
                  00001954    0000002c     Crystalfontz128x128_ST7735.obj (.text:Crystalfontz128x128_ClearScreen)
                  00001980    0000002c     grlib.a : display.obj (.text:Graphics_drawPixelOnDisplay)
                  000019ac    0000002c     HAL_MSP_EXP432P401R_Crystalfontz128x128_ST7735.obj (.text:HAL_LCD_writeData)
                  000019d8    0000002c     colors.obj (.text:initColor)
                  00001a04    00000028     Crystalfontz128x128_ST7735.obj (.text:Crystalfontz128x128_ColorTranslate)
                  00001a2c    00000028     msp432p4xx_driverlib.lib : gpio.o (.text:GPIO_setOutputHighOnPin)
                  00001a54    00000028                              : gpio.o (.text:GPIO_setOutputLowOnPin)
                  00001a7c    00000026     main.obj (.text:main)
                  00001aa2    00000002     --HOLE-- [fill = 0]
                  00001aa4    00000024     msp432p4xx_driverlib.lib : wdt_a.o (.text:WDT_A_holdTimer)
                  00001ac8    0000001e     grlib.a : display.obj (.text:Graphics_fillRectangleOnDisplay)
                  00001ae6    0000001c     msp432p4xx_driverlib.lib : spi.o (.text:SPI_enableModule)
                  00001b02    0000001c     main.obj (.text:colorsMatched)
                  00001b1e    0000001a     grlib.a : display.obj (.text:Graphics_clearDisplayOnDisplay)
                  00001b38    0000001a             : context.obj (.text:Graphics_setBackgroundColor)
                  00001b52    0000001a             : context.obj (.text:Graphics_setFont)
                  00001b6c    00000016     msp432p4xx_driverlib.lib : spi.o (.text:EUSCI_A_SPI_enable)
                  00001b82    00000016                              : spi.o (.text:EUSCI_B_SPI_enable)
                  00001b98    00000016     grlib.a : context.obj (.text:Graphics_setForegroundColor)
                  00001bae    00000016             : display.obj (.text:Graphics_translateColorOnDisplay)
                  00001bc4    00000012             : context.obj (.text:Graphics_clearDisplay)
                  00001bd6    00000012     rtsv7M4_T_le_v4SPD16_eabi.lib : copy_zero_init.c.obj (.text:decompress:ZI:__TI_zero_init_nomemset:__TI_zero_init_nomemset)
                  00001be8    0000000e     main.obj (.text:InitFonts)
                  00001bf6    0000000e     rtsv7M4_T_le_v4SPD16_eabi.lib : copy_decompress_none.c.obj (.text:decompress:none:__TI_decompress_none)
                  00001c04    0000000c     startup_msp432p401r_ccs.obj (.text:Reset_Handler)
                  00001c10    0000000a     Crystalfontz128x128_ST7735.obj (.text:Crystalfontz128x128_Flush)
                  00001c1a    00000004     rtsv7M4_T_le_v4SPD16_eabi.lib : pre_init.c.obj (.text:_system_pre_init)
                  00001c1e    00000004                                   : exit.c.obj (.text:abort:abort)

.const     0    00001c24    00001090     
                  00001c24    00000782     grlib.a : fontcmss18b.obj (.const:.string:g_pucCmss18bData)
                  000023a6    0000070a     fontcmtt16.obj (.const:.string:g_pucCmtt16Data)
                  00002ab0    000000c8     grlib.a : fontcmss18b.obj (.const:g_sFontCmss18b)
                  00002b78    000000c8     fontcmtt16.obj (.const:g_sFontCmtt16)
                  00002c40    00000030     msp432p4xx_driverlib.lib : gpio.o (.const:GPIO_PORT_TO_BASE)
                  00002c70    00000020     Crystalfontz128x128_ST7735.obj (.const:g_sCrystalfontz128x128_funcs)
                  00002c90    0000001c     HAL_MSP_EXP432P401R_Crystalfontz128x128_ST7735.obj (.const:$P$T0$1)
                  00002cac    00000008     Crystalfontz128x128_ST7735.obj (.const:$P$T0$1)

.cinit     0    00002cb8    00000038     
                  00002cb8    0000000d     (.cinit..data.load) [load image, compression = lzss]
                  00002cc5    00000003     --HOLE-- [fill = 0]
                  00002cc8    0000000c     (__TI_handler_table)
                  00002cd4    00000004     --HOLE-- [fill = 0]
                  00002cd8    00000008     (.cinit..bss.load) [load image, compression = zero_init]
                  00002ce0    00000010     (__TI_cinit_table)

.init_array 
*          0    00000000    00000000     UNINITIALIZED

.binit     0    00000000    00000000     

.data      0    20000000    00000010     UNINITIALIZED
                  20000000    00000010     Crystalfontz128x128_ST7735.obj (.data:g_sCrystalfontz128x128)

.bss       0    20000010    0000000a     UNINITIALIZED
                  20000010    00000002     (.common:Lcd_ScreenHeigth)
                  20000012    00000002     (.common:Lcd_ScreenWidth)
                  20000014    00000002     (.common:Lcd_TouchTrim)
                  20000016    00000001     (.common:Lcd_FlagRead)
                  20000017    00000001     (.common:Lcd_FontSolid)
                  20000018    00000001     (.common:Lcd_Orientation)
                  20000019    00000001     (.common:Lcd_PenSolid)

.stack     0    2000fe00    00000200     UNINITIALIZED
                  2000fe00    00000004     rtsv7M4_T_le_v4SPD16_eabi.lib : boot_cortex_m.c.obj (.stack)
                  2000fe04    000001fc     --HOLE--

MODULE SUMMARY

       Module                                               code   ro data   rw data
       ------                                               ----   -------   -------
    .\
       main.obj                                             1632   0         0      
       colors.obj                                           272    0         0      
       system_msp432p401r.obj                               120    0         0      
    +--+----------------------------------------------------+------+---------+---------+
       Total:                                               2024   0         0      
                                                                                    
    .\LcdDriver\
       Crystalfontz128x128_ST7735.obj                       1670   40        52     
       HAL_MSP_EXP432P401R_Crystalfontz128x128_ST7735.obj   212    28        0      
    +--+----------------------------------------------------+------+---------+---------+
       Total:                                               1882   68        52     
                                                                                    
    .\ccs\
       startup_msp432p401r_ccs.obj                          14     228       0      
    +--+----------------------------------------------------+------+---------+---------+
       Total:                                               14     228       0      
                                                                                    
    .\fonts\
       fontcmtt16.obj                                       0      2002      0      
    +--+----------------------------------------------------+------+---------+---------+
       Total:                                               0      2002      0      
                                                                                    
    C:/ti/simplelink_msp432p4_sdk_2_30_00_14/source/ti/devices/msp432p4xx/driverlib/ccs/msp432p4xx_driverlib.lib
       gpio.o                                               280    48        0      
       spi.o                                                312    0         0      
       wdt_a.o                                              36     0         0      
    +--+----------------------------------------------------+------+---------+---------+
       Total:                                               628    48        0      
                                                                                    
    C:/ti/simplelink_msp432p4_sdk_2_30_00_14/source/ti/grlib/lib/ccs/m4f/grlib.a
       fontcmss18b.obj                                      0      2122      0      
       string.obj                                           1214   0         0      
       rectangle.obj                                        274    0         0      
       display.obj                                          176    0         0      
       context.obj                                          174    0         0      
       line.obj                                             156    0         0      
    +--+----------------------------------------------------+------+---------+---------+
       Total:                                               1994   2122      0      
                                                                                    
    C:\ti\ccv8\ccsv8\tools\compiler\ti-cgt-arm_18.1.3.LTS\lib\rtsv7M4_T_le_v4SPD16_eabi.lib
       memcpy_t2.asm.obj                                    156    0         0      
       copy_decompress_lzss.c.obj                           104    0         0      
       autoinit.c.obj                                       68     0         0      
       boot_cortex_m.c.obj                                  56     0         0      
       copy_zero_init.c.obj                                 18     0         0      
       copy_decompress_none.c.obj                           14     0         0      
       exit.c.obj                                           4      0         0      
       pre_init.c.obj                                       4      0         0      
    +--+----------------------------------------------------+------+---------+---------+
       Total:                                               424    0         0      
                                                                                    
       Stack:                                               0      0         1024   
       Linker Generated:                                    0      49        0      
    +--+----------------------------------------------------+------+---------+---------+
       Grand Total:                                         6966   4517      1076   


LINKER GENERATED COPY TABLES

__TI_cinit_table @ 00002ce0 records: 2, size/record: 8, table size: 16
	.data: load addr=00002cb8, load size=0000000d bytes, run addr=20000000, run size=00000010 bytes, compression=lzss
	.bss: load addr=00002cd8, load size=00000008 bytes, run addr=20000010, run size=0000000a bytes, compression=zero_init


LINKER GENERATED HANDLER TABLE

__TI_handler_table @ 00002cc8 records: 3, size/record: 4, table size: 12
	index: 0, handler: __TI_decompress_lzss
	index: 1, handler: __TI_decompress_none
	index: 2, handler: __TI_zero_init


GLOBAL SYMBOLS: SORTED ALPHABETICALLY BY Name 

address   name                                       
-------   ----                                       
00000563  ADC14_IRQHandler                           
00000563  AES256_IRQHandler                          
00000565  BoosterLEDColors                           
00000563  BusFault_Handler                           
00001c1f  C$$EXIT                                    
00000563  COMP_E0_IRQHandler                         
00000563  COMP_E1_IRQHandler                         
00000563  CS_IRQHandler                              
00000c21  Crystalfontz128x128_Init                   
00000aed  Crystalfontz128x128_SetDrawFrame           
00001651  Crystalfontz128x128_SetOrientation         
00000563  DMA_ERR_IRQHandler                         
00000563  DMA_INT0_IRQHandler                        
00000563  DMA_INT1_IRQHandler                        
00000563  DMA_INT2_IRQHandler                        
00000563  DMA_INT3_IRQHandler                        
00000563  DebugMon_Handler                           
00000563  Default_Handler                            
00001119  DisplayFunction                            
00000563  EUSCIA0_IRQHandler                         
00000563  EUSCIA1_IRQHandler                         
00000563  EUSCIA2_IRQHandler                         
00000563  EUSCIA3_IRQHandler                         
00000563  EUSCIB0_IRQHandler                         
00000563  EUSCIB1_IRQHandler                         
00000563  EUSCIB2_IRQHandler                         
00000563  EUSCIB3_IRQHandler                         
00001b6d  EUSCI_A_SPI_enable                         
00001b83  EUSCI_B_SPI_enable                         
00000563  FLCTL_IRQHandler                           
00000563  FPU_IRQHandler                             
0000177d  GPIO_setAsOutputPin                        
00001429  GPIO_setAsPeripheralModuleFunctionOutputPin
00001a2d  GPIO_setOutputHighOnPin                    
00001a55  GPIO_setOutputLowOnPin                     
00001bc5  Graphics_clearDisplay                      
00001b1f  Graphics_clearDisplayOnDisplay             
000018ed  Graphics_drawHorizontalLineOnDisplay       
00001259  Graphics_drawLineH                         
00001981  Graphics_drawPixelOnDisplay                
000000e5  Graphics_drawString                        
00000e71  Graphics_fillRectangle                     
00001ac9  Graphics_fillRectangleOnDisplay            
000016a5  Graphics_initContext                       
00001b39  Graphics_setBackgroundColor                
00001b53  Graphics_setFont                           
00001b99  Graphics_setForegroundColor                
00001baf  Graphics_translateColorOnDisplay           
00001923  HAL_LCD_PortInit                           
000017fd  HAL_LCD_SpiInit                            
0000187d  HAL_LCD_writeCommand                       
000019ad  HAL_LCD_writeData                          
00000563  HardFault_Handler                          
00001be9  InitFonts                                  
00001391  InitGraphics                               
000009a5  LED2Colors                                 
20000016  Lcd_FlagRead                               
20000017  Lcd_FontSolid                              
20000018  Lcd_Orientation                            
20000019  Lcd_PenSolid                               
20000010  Lcd_ScreenHeigth                           
20000012  Lcd_ScreenWidth                            
20000014  Lcd_TouchTrim                              
00000563  MemManage_Handler                          
00000563  NMI_Handler                                
00000563  PCM_IRQHandler                             
00000563  PORT1_IRQHandler                           
00000563  PORT2_IRQHandler                           
00000563  PORT3_IRQHandler                           
00000563  PORT4_IRQHandler                           
00000563  PORT5_IRQHandler                           
00000563  PORT6_IRQHandler                           
00000563  PSS_IRQHandler                             
00000563  PendSV_Handler                             
00000563  RTC_C_IRQHandler                           
00001c05  Reset_Handler                              
00001ae7  SPI_enableModule                           
00001069  SPI_initMaster                             
00000563  SVC_Handler                                
00000f85  SelectColor                                
00000563  SysTick_Handler                            
000014b1  SystemInit                                 
00000563  T32_INT1_IRQHandler                        
00000563  T32_INT2_IRQHandler                        
00000563  T32_INTC_IRQHandler                        
00000563  TA0_0_IRQHandler                           
00000563  TA0_N_IRQHandler                           
00000563  TA1_0_IRQHandler                           
00000563  TA1_N_IRQHandler                           
00000563  TA2_0_IRQHandler                           
00000563  TA2_N_IRQHandler                           
00000563  TA3_0_IRQHandler                           
00000563  TA3_N_IRQHandler                           
00000563  UsageFault_Handler                         
4000480c  WDTCTL_SYM                                 
00000563  WDT_A_IRQHandler                           
00001aa5  WDT_A_holdTimer                            
20010000  __STACK_END                                
00000200  __STACK_SIZE                               
00002ce0  __TI_CINIT_Base                            
00002cf0  __TI_CINIT_Limit                           
00002cc8  __TI_Handler_Table_Base                    
00002cd4  __TI_Handler_Table_Limit                   
000016f9  __TI_auto_init_nobinit_nopinit             
00001529  __TI_decompress_lzss                       
00001bf7  __TI_decompress_none                       
ffffffff  __TI_pprof_out_hndl                        
ffffffff  __TI_prof_data_size                        
ffffffff  __TI_prof_data_start                       
00000000  __TI_static_base__                         
00001bd7  __TI_zero_init_nomemset                    
000012f5  __aeabi_memcpy                             
000012f5  __aeabi_memcpy4                            
000012f5  __aeabi_memcpy8                            
ffffffff  __binit__                                  
ffffffff  __c_args__                                 
UNDEFED   __mpu_init                                 
2000fe00  __stack                                    
000018b5  _c_int00_noargs                            
UNDEFED   _system_post_cinit                         
00001c1b  _system_pre_init                           
00001c1f  abort                                      
ffffffff  binit                                      
00001b03  colorsMatched                              
20000000  g_sCrystalfontz128x128                     
00002c70  g_sCrystalfontz128x128_funcs               
00002ab0  g_sFontCmss18b                             
00002b78  g_sFontCmtt16                              
000019d9  initColor                                  
00000d4d  initialize                                 
00000000  interruptVectors                           
00001a7d  main                                       
000012f5  memcpy                                     


GLOBAL SYMBOLS: SORTED BY Symbol Address 

address   name                                       
-------   ----                                       
00000000  __TI_static_base__                         
00000000  interruptVectors                           
000000e5  Graphics_drawString                        
00000200  __STACK_SIZE                               
00000563  ADC14_IRQHandler                           
00000563  AES256_IRQHandler                          
00000563  BusFault_Handler                           
00000563  COMP_E0_IRQHandler                         
00000563  COMP_E1_IRQHandler                         
00000563  CS_IRQHandler                              
00000563  DMA_ERR_IRQHandler                         
00000563  DMA_INT0_IRQHandler                        
00000563  DMA_INT1_IRQHandler                        
00000563  DMA_INT2_IRQHandler                        
00000563  DMA_INT3_IRQHandler                        
00000563  DebugMon_Handler                           
00000563  Default_Handler                            
00000563  EUSCIA0_IRQHandler                         
00000563  EUSCIA1_IRQHandler                         
00000563  EUSCIA2_IRQHandler                         
00000563  EUSCIA3_IRQHandler                         
00000563  EUSCIB0_IRQHandler                         
00000563  EUSCIB1_IRQHandler                         
00000563  EUSCIB2_IRQHandler                         
00000563  EUSCIB3_IRQHandler                         
00000563  FLCTL_IRQHandler                           
00000563  FPU_IRQHandler                             
00000563  HardFault_Handler                          
00000563  MemManage_Handler                          
00000563  NMI_Handler                                
00000563  PCM_IRQHandler                             
00000563  PORT1_IRQHandler                           
00000563  PORT2_IRQHandler                           
00000563  PORT3_IRQHandler                           
00000563  PORT4_IRQHandler                           
00000563  PORT5_IRQHandler                           
00000563  PORT6_IRQHandler                           
00000563  PSS_IRQHandler                             
00000563  PendSV_Handler                             
00000563  RTC_C_IRQHandler                           
00000563  SVC_Handler                                
00000563  SysTick_Handler                            
00000563  T32_INT1_IRQHandler                        
00000563  T32_INT2_IRQHandler                        
00000563  T32_INTC_IRQHandler                        
00000563  TA0_0_IRQHandler                           
00000563  TA0_N_IRQHandler                           
00000563  TA1_0_IRQHandler                           
00000563  TA1_N_IRQHandler                           
00000563  TA2_0_IRQHandler                           
00000563  TA2_N_IRQHandler                           
00000563  TA3_0_IRQHandler                           
00000563  TA3_N_IRQHandler                           
00000563  UsageFault_Handler                         
00000563  WDT_A_IRQHandler                           
00000565  BoosterLEDColors                           
000009a5  LED2Colors                                 
00000aed  Crystalfontz128x128_SetDrawFrame           
00000c21  Crystalfontz128x128_Init                   
00000d4d  initialize                                 
00000e71  Graphics_fillRectangle                     
00000f85  SelectColor                                
00001069  SPI_initMaster                             
00001119  DisplayFunction                            
00001259  Graphics_drawLineH                         
000012f5  __aeabi_memcpy                             
000012f5  __aeabi_memcpy4                            
000012f5  __aeabi_memcpy8                            
000012f5  memcpy                                     
00001391  InitGraphics                               
00001429  GPIO_setAsPeripheralModuleFunctionOutputPin
000014b1  SystemInit                                 
00001529  __TI_decompress_lzss                       
00001651  Crystalfontz128x128_SetOrientation         
000016a5  Graphics_initContext                       
000016f9  __TI_auto_init_nobinit_nopinit             
0000177d  GPIO_setAsOutputPin                        
000017fd  HAL_LCD_SpiInit                            
0000187d  HAL_LCD_writeCommand                       
000018b5  _c_int00_noargs                            
000018ed  Graphics_drawHorizontalLineOnDisplay       
00001923  HAL_LCD_PortInit                           
00001981  Graphics_drawPixelOnDisplay                
000019ad  HAL_LCD_writeData                          
000019d9  initColor                                  
00001a2d  GPIO_setOutputHighOnPin                    
00001a55  GPIO_setOutputLowOnPin                     
00001a7d  main                                       
00001aa5  WDT_A_holdTimer                            
00001ac9  Graphics_fillRectangleOnDisplay            
00001ae7  SPI_enableModule                           
00001b03  colorsMatched                              
00001b1f  Graphics_clearDisplayOnDisplay             
00001b39  Graphics_setBackgroundColor                
00001b53  Graphics_setFont                           
00001b6d  EUSCI_A_SPI_enable                         
00001b83  EUSCI_B_SPI_enable                         
00001b99  Graphics_setForegroundColor                
00001baf  Graphics_translateColorOnDisplay           
00001bc5  Graphics_clearDisplay                      
00001bd7  __TI_zero_init_nomemset                    
00001be9  InitFonts                                  
00001bf7  __TI_decompress_none                       
00001c05  Reset_Handler                              
00001c1b  _system_pre_init                           
00001c1f  C$$EXIT                                    
00001c1f  abort                                      
00002ab0  g_sFontCmss18b                             
00002b78  g_sFontCmtt16                              
00002c70  g_sCrystalfontz128x128_funcs               
00002cc8  __TI_Handler_Table_Base                    
00002cd4  __TI_Handler_Table_Limit                   
00002ce0  __TI_CINIT_Base                            
00002cf0  __TI_CINIT_Limit                           
20000000  g_sCrystalfontz128x128                     
20000010  Lcd_ScreenHeigth                           
20000012  Lcd_ScreenWidth                            
20000014  Lcd_TouchTrim                              
20000016  Lcd_FlagRead                               
20000017  Lcd_FontSolid                              
20000018  Lcd_Orientation                            
20000019  Lcd_PenSolid                               
2000fe00  __stack                                    
20010000  __STACK_END                                
4000480c  WDTCTL_SYM                                 
ffffffff  __TI_pprof_out_hndl                        
ffffffff  __TI_prof_data_size                        
ffffffff  __TI_prof_data_start                       
ffffffff  __binit__                                  
ffffffff  __c_args__                                 
ffffffff  binit                                      
UNDEFED   __mpu_init                                 
UNDEFED   _system_post_cinit                         

[133 symbols]
