******************************************************************************
                  TI ARM Linker PC v18.1.3                     
******************************************************************************
>> Linked Thu Dec 20 16:04:32 2018

OUTPUT FILE NAME:   <P1_Draft.out>
ENTRY POINT SYMBOL: "_c_int00_noargs"  address: 00001821


MEMORY CONFIGURATION

         name            origin    length      used     unused   attr    fill
----------------------  --------  ---------  --------  --------  ----  --------
  MAIN                  00000000   00040000  00002c5e  0003d3a2  R  X
  INFO                  00200000   00004000  00000000  00004000  R  X
  SRAM_CODE             01000000   00010000  00000226  0000fdda  RW X
  SRAM_DATA             20000000   00010000  00000226  0000fdda  RW  


SEGMENT ALLOCATION MAP

run origin  load origin   length   init length attrs members
----------  ----------- ---------- ----------- ----- -------
00000000    00000000    00002c60   00002c60    r-x
  00000000    00000000    000000e4   000000e4    r-- .intvecs
  000000e4    000000e4    00001aaa   00001aaa    r-x .text
  00001b90    00001b90    00001090   00001090    r-- .const
  00002c20    00002c20    00000040   00000040    r-- .cinit
20000000    20000000    00000026   00000000    rw-
  20000000    20000000    0000001c   00000000    rw- .data
  2000001c    2000001c    0000000a   00000000    rw- .bss
2000fe00    2000fe00    00000200   00000000    rw-
  2000fe00    2000fe00    00000200   00000000    rw- .stack


SECTION ALLOCATION MAP

 output                                  attributes/
section   page    origin      length       input sections
--------  ----  ----------  ----------   ----------------
.intvecs   0    00000000    000000e4     
                  00000000    000000e4     startup_msp432p401r_ccs.obj (.intvecs:retain)

.text      0    000000e4    00001aaa     
                  000000e4    0000047e     grlib.a : string.obj (.text:Graphics_drawString)
                  00000562    00000002     startup_msp432p401r_ccs.obj (.text:Default_Handler)
                  00000564    00000268     main.obj (.text:BoosterLEDColors)
                  000007cc    000001d8     Crystalfontz128x128_ST7735.obj (.text:Crystalfontz128x128_PixelDrawMultiple)
                  000009a4    00000148     main.obj (.text:LED2Colors)
                  00000aec    00000134     Crystalfontz128x128_ST7735.obj (.text:Crystalfontz128x128_SetDrawFrame)
                  00000c20    0000012c     Crystalfontz128x128_ST7735.obj (.text:Crystalfontz128x128_Init)
                  00000d4c    00000112     grlib.a : rectangle.obj (.text:Graphics_fillRectangle)
                  00000e5e    00000002     rtsv7M4_T_le_v4SPD16_eabi.lib : _lock.c.obj (.text:_nop)
                  00000e60    0000010c     main.obj (.text:initialize)
                  00000f6c    000000b1     colors.obj (.text:RandomColor)
                  0000101d    00000001     --HOLE-- [fill = 0]
                  0000101e    000000b0     msp432p4xx_driverlib.lib : spi.o (.text:SPI_initMaster)
                  000010ce    0000009c     Crystalfontz128x128_ST7735.obj (.text:Crystalfontz128x128_RectFill)
                  0000116a    0000009c     grlib.a : line.obj (.text:Graphics_drawLineH)
                  00001206    0000009c     rtsv7M4_T_le_v4SPD16_eabi.lib : memcpy_t2.asm.obj (.text)
                  000012a2    00000002     --HOLE-- [fill = 0]
                  000012a4    00000088     msp432p4xx_driverlib.lib : gpio.o (.text:GPIO_setAsPeripheralModuleFunctionOutputPin)
                  0000132c    00000078     main.obj (.text:InitGraphics)
                  000013a4    00000078     system_msp432p401r.obj (.text:SystemInit)
                  0000141c    00000078     main.obj (.text:main)
                  00001494    00000068     rtsv7M4_T_le_v4SPD16_eabi.lib : copy_decompress_lzss.c.obj (.text:decompress:lzss:__TI_decompress_lzss)
                  000014fc    00000060     Crystalfontz128x128_ST7735.obj (.text:Crystalfontz128x128_LineDrawH)
                  0000155c    00000060     Crystalfontz128x128_ST7735.obj (.text:Crystalfontz128x128_LineDrawV)
                  000015bc    00000054     Crystalfontz128x128_ST7735.obj (.text:Crystalfontz128x128_SetOrientation)
                  00001610    00000052     grlib.a : context.obj (.text:Graphics_initContext)
                  00001662    00000002     --HOLE-- [fill = 0]
                  00001664    00000044     rtsv7M4_T_le_v4SPD16_eabi.lib : autoinit.c.obj (.text:__TI_auto_init_nobinit_nopinit:__TI_auto_init_nobinit_nopinit)
                  000016a8    00000040     Crystalfontz128x128_ST7735.obj (.text:Crystalfontz128x128_PixelDraw)
                  000016e8    00000040     msp432p4xx_driverlib.lib : gpio.o (.text:GPIO_setAsOutputPin)
                  00001728    00000040     grlib.a : string.obj (.text:Graphics_getNumberOfLeadingZeros)
                  00001768    00000040     HAL_MSP_EXP432P401R_Crystalfontz128x128_ST7735.obj (.text:HAL_LCD_SpiInit)
                  000017a8    00000040     msp432p4xx_driverlib.lib : spi.o (.text:is_A_Module)
                  000017e8    00000038     HAL_MSP_EXP432P401R_Crystalfontz128x128_ST7735.obj (.text:HAL_LCD_writeCommand)
                  00001820    00000038     rtsv7M4_T_le_v4SPD16_eabi.lib : boot_cortex_m.c.obj (.text:_c_int00_noargs:_c_int00_noargs)
                  00001858    00000036     grlib.a : display.obj (.text:Graphics_drawHorizontalLineOnDisplay)
                  0000188e    00000002     --HOLE-- [fill = 0]
                  00001890    00000034     rtsv7M4_T_le_v4SPD16_eabi.lib : rand.c.obj (.text:rand)
                  000018c4    00000030     HAL_MSP_EXP432P401R_Crystalfontz128x128_ST7735.obj (.text:HAL_LCD_PortInit)
                  000018f4    0000002c     Crystalfontz128x128_ST7735.obj (.text:Crystalfontz128x128_ClearScreen)
                  00001920    0000002c     grlib.a : display.obj (.text:Graphics_drawPixelOnDisplay)
                  0000194c    0000002c     HAL_MSP_EXP432P401R_Crystalfontz128x128_ST7735.obj (.text:HAL_LCD_writeData)
                  00001978    00000028     Crystalfontz128x128_ST7735.obj (.text:Crystalfontz128x128_ColorTranslate)
                  000019a0    00000028     msp432p4xx_driverlib.lib : gpio.o (.text:GPIO_setOutputHighOnPin)
                  000019c8    00000028                              : gpio.o (.text:GPIO_setOutputLowOnPin)
                  000019f0    00000024                              : wdt_a.o (.text:WDT_A_holdTimer)
                  00001a14    00000020     colors.obj (.text:initColor)
                  00001a34    0000001e     grlib.a : display.obj (.text:Graphics_fillRectangleOnDisplay)
                  00001a52    0000001c     msp432p4xx_driverlib.lib : spi.o (.text:SPI_enableModule)
                  00001a6e    0000001c     main.obj (.text:colorsMatched)
                  00001a8a    0000001a     grlib.a : display.obj (.text:Graphics_clearDisplayOnDisplay)
                  00001aa4    0000001a             : context.obj (.text:Graphics_setBackgroundColor)
                  00001abe    0000001a             : context.obj (.text:Graphics_setFont)
                  00001ad8    00000016     msp432p4xx_driverlib.lib : spi.o (.text:EUSCI_A_SPI_enable)
                  00001aee    00000016                              : spi.o (.text:EUSCI_B_SPI_enable)
                  00001b04    00000016     grlib.a : context.obj (.text:Graphics_setForegroundColor)
                  00001b1a    00000016             : display.obj (.text:Graphics_translateColorOnDisplay)
                  00001b30    00000012             : context.obj (.text:Graphics_clearDisplay)
                  00001b42    00000012     rtsv7M4_T_le_v4SPD16_eabi.lib : copy_zero_init.c.obj (.text:decompress:ZI:__TI_zero_init_nomemset:__TI_zero_init_nomemset)
                  00001b54    0000000e     main.obj (.text:InitFonts)
                  00001b62    0000000e     rtsv7M4_T_le_v4SPD16_eabi.lib : copy_decompress_none.c.obj (.text:decompress:none:__TI_decompress_none)
                  00001b70    0000000c     startup_msp432p401r_ccs.obj (.text:Reset_Handler)
                  00001b7c    0000000a     Crystalfontz128x128_ST7735.obj (.text:Crystalfontz128x128_Flush)
                  00001b86    00000004     rtsv7M4_T_le_v4SPD16_eabi.lib : pre_init.c.obj (.text:_system_pre_init)
                  00001b8a    00000004                                   : exit.c.obj (.text:abort:abort)

.const     0    00001b90    00001090     
                  00001b90    00000782     grlib.a : fontcmss18b.obj (.const:.string:g_pucCmss18bData)
                  00002312    0000070a     fontcmtt16.obj (.const:.string:g_pucCmtt16Data)
                  00002a1c    000000c8     grlib.a : fontcmss18b.obj (.const:g_sFontCmss18b)
                  00002ae4    000000c8     fontcmtt16.obj (.const:g_sFontCmtt16)
                  00002bac    00000030     msp432p4xx_driverlib.lib : gpio.o (.const:GPIO_PORT_TO_BASE)
                  00002bdc    00000020     Crystalfontz128x128_ST7735.obj (.const:g_sCrystalfontz128x128_funcs)
                  00002bfc    0000001c     HAL_MSP_EXP432P401R_Crystalfontz128x128_ST7735.obj (.const:$P$T0$1)
                  00002c18    00000008     Crystalfontz128x128_ST7735.obj (.const:$P$T0$1)

.cinit     0    00002c20    00000040     
                  00002c20    00000015     (.cinit..data.load) [load image, compression = lzss]
                  00002c35    00000003     --HOLE-- [fill = 0]
                  00002c38    0000000c     (__TI_handler_table)
                  00002c44    00000004     --HOLE-- [fill = 0]
                  00002c48    00000008     (.cinit..bss.load) [load image, compression = zero_init]
                  00002c50    00000010     (__TI_cinit_table)

.init_array 
*          0    00000000    00000000     UNINITIALIZED

.binit     0    00000000    00000000     

.data      0    20000000    0000001c     UNINITIALIZED
                  20000000    00000010     Crystalfontz128x128_ST7735.obj (.data:g_sCrystalfontz128x128)
                  20000010    00000008     rtsv7M4_T_le_v4SPD16_eabi.lib : _lock.c.obj (.data:$O1$$)
                  20000018    00000004                                   : rand.c.obj (.data)

.bss       0    2000001c    0000000a     UNINITIALIZED
                  2000001c    00000002     (.common:Lcd_ScreenHeigth)
                  2000001e    00000002     (.common:Lcd_ScreenWidth)
                  20000020    00000002     (.common:Lcd_TouchTrim)
                  20000022    00000001     (.common:Lcd_FlagRead)
                  20000023    00000001     (.common:Lcd_FontSolid)
                  20000024    00000001     (.common:Lcd_Orientation)
                  20000025    00000001     (.common:Lcd_PenSolid)

.stack     0    2000fe00    00000200     UNINITIALIZED
                  2000fe00    00000004     rtsv7M4_T_le_v4SPD16_eabi.lib : boot_cortex_m.c.obj (.stack)
                  2000fe04    000001fc     --HOLE--

MODULE SUMMARY

       Module                                               code   ro data   rw data
       ------                                               ----   -------   -------
    .\
       main.obj                                             1494   0         0      
       colors.obj                                           209    0         0      
       system_msp432p401r.obj                               120    0         0      
    +--+----------------------------------------------------+------+---------+---------+
       Total:                                               1823   0         0      
                                                                                    
    .\LcdDriver\
       Crystalfontz128x128_ST7735.obj                       1670   40        52     
       HAL_MSP_EXP432P401R_Crystalfontz128x128_ST7735.obj   212    28        0      
    +--+----------------------------------------------------+------+---------+---------+
       Total:                                               1882   68        52     
                                                                                    
    .\ccs\
       startup_msp432p401r_ccs.obj                          14     228       0      
    +--+----------------------------------------------------+------+---------+---------+
       Total:                                               14     228       0      
                                                                                    
    .\fonts\
       fontcmtt16.obj                                       0      2002      0      
    +--+----------------------------------------------------+------+---------+---------+
       Total:                                               0      2002      0      
                                                                                    
    C:/ti/simplelink_msp432p4_sdk_2_30_00_14/source/ti/devices/msp432p4xx/driverlib/ccs/msp432p4xx_driverlib.lib
       gpio.o                                               280    48        0      
       spi.o                                                312    0         0      
       wdt_a.o                                              36     0         0      
    +--+----------------------------------------------------+------+---------+---------+
       Total:                                               628    48        0      
                                                                                    
    C:/ti/simplelink_msp432p4_sdk_2_30_00_14/source/ti/grlib/lib/ccs/m4f/grlib.a
       fontcmss18b.obj                                      0      2122      0      
       string.obj                                           1214   0         0      
       rectangle.obj                                        274    0         0      
       display.obj                                          176    0         0      
       context.obj                                          174    0         0      
       line.obj                                             156    0         0      
    +--+----------------------------------------------------+------+---------+---------+
       Total:                                               1994   2122      0      
                                                                                    
    C:\ti\ccv8\ccsv8\tools\compiler\ti-cgt-arm_18.1.3.LTS\lib\rtsv7M4_T_le_v4SPD16_eabi.lib
       memcpy_t2.asm.obj                                    156    0         0      
       copy_decompress_lzss.c.obj                           104    0         0      
       autoinit.c.obj                                       68     0         0      
       rand.c.obj                                           52     0         8      
       boot_cortex_m.c.obj                                  56     0         0      
       _lock.c.obj                                          2      0         16     
       copy_zero_init.c.obj                                 18     0         0      
       copy_decompress_none.c.obj                           14     0         0      
       exit.c.obj                                           4      0         0      
       pre_init.c.obj                                       4      0         0      
    +--+----------------------------------------------------+------+---------+---------+
       Total:                                               478    0         24     
                                                                                    
       Stack:                                               0      0         1024   
       Linker Generated:                                    0      57        0      
    +--+----------------------------------------------------+------+---------+---------+
       Grand Total:                                         6819   4525      1100   


LINKER GENERATED COPY TABLES

__TI_cinit_table @ 00002c50 records: 2, size/record: 8, table size: 16
	.data: load addr=00002c20, load size=00000015 bytes, run addr=20000000, run size=0000001c bytes, compression=lzss
	.bss: load addr=00002c48, load size=00000008 bytes, run addr=2000001c, run size=0000000a bytes, compression=zero_init


LINKER GENERATED HANDLER TABLE

__TI_handler_table @ 00002c38 records: 3, size/record: 4, table size: 12
	index: 0, handler: __TI_decompress_lzss
	index: 1, handler: __TI_decompress_none
	index: 2, handler: __TI_zero_init


GLOBAL SYMBOLS: SORTED ALPHABETICALLY BY Name 

address   name                                       
-------   ----                                       
00000563  ADC14_IRQHandler                           
00000563  AES256_IRQHandler                          
00000565  BoosterLEDColors                           
00000563  BusFault_Handler                           
00001b8b  C$$EXIT                                    
00000563  COMP_E0_IRQHandler                         
00000563  COMP_E1_IRQHandler                         
00000563  CS_IRQHandler                              
00000c21  Crystalfontz128x128_Init                   
00000aed  Crystalfontz128x128_SetDrawFrame           
000015bd  Crystalfontz128x128_SetOrientation         
00000563  DMA_ERR_IRQHandler                         
00000563  DMA_INT0_IRQHandler                        
00000563  DMA_INT1_IRQHandler                        
00000563  DMA_INT2_IRQHandler                        
00000563  DMA_INT3_IRQHandler                        
00000563  DebugMon_Handler                           
00000563  Default_Handler                            
00000563  EUSCIA0_IRQHandler                         
00000563  EUSCIA1_IRQHandler                         
00000563  EUSCIA2_IRQHandler                         
00000563  EUSCIA3_IRQHandler                         
00000563  EUSCIB0_IRQHandler                         
00000563  EUSCIB1_IRQHandler                         
00000563  EUSCIB2_IRQHandler                         
00000563  EUSCIB3_IRQHandler                         
00001ad9  EUSCI_A_SPI_enable                         
00001aef  EUSCI_B_SPI_enable                         
00000563  FLCTL_IRQHandler                           
00000563  FPU_IRQHandler                             
000016e9  GPIO_setAsOutputPin                        
000012a5  GPIO_setAsPeripheralModuleFunctionOutputPin
000019a1  GPIO_setOutputHighOnPin                    
000019c9  GPIO_setOutputLowOnPin                     
00001b31  Graphics_clearDisplay                      
00001a8b  Graphics_clearDisplayOnDisplay             
00001859  Graphics_drawHorizontalLineOnDisplay       
0000116b  Graphics_drawLineH                         
00001921  Graphics_drawPixelOnDisplay                
000000e5  Graphics_drawString                        
00000d4d  Graphics_fillRectangle                     
00001a35  Graphics_fillRectangleOnDisplay            
00001611  Graphics_initContext                       
00001aa5  Graphics_setBackgroundColor                
00001abf  Graphics_setFont                           
00001b05  Graphics_setForegroundColor                
00001b1b  Graphics_translateColorOnDisplay           
000018c5  HAL_LCD_PortInit                           
00001769  HAL_LCD_SpiInit                            
000017e9  HAL_LCD_writeCommand                       
0000194d  HAL_LCD_writeData                          
00000563  HardFault_Handler                          
00001b55  InitFonts                                  
0000132d  InitGraphics                               
000009a5  LED2Colors                                 
20000022  Lcd_FlagRead                               
20000023  Lcd_FontSolid                              
20000024  Lcd_Orientation                            
20000025  Lcd_PenSolid                               
2000001c  Lcd_ScreenHeigth                           
2000001e  Lcd_ScreenWidth                            
20000020  Lcd_TouchTrim                              
00000563  MemManage_Handler                          
00000563  NMI_Handler                                
00000563  PCM_IRQHandler                             
00000563  PORT1_IRQHandler                           
00000563  PORT2_IRQHandler                           
00000563  PORT3_IRQHandler                           
00000563  PORT4_IRQHandler                           
00000563  PORT5_IRQHandler                           
00000563  PORT6_IRQHandler                           
00000563  PSS_IRQHandler                             
00000563  PendSV_Handler                             
00000563  RTC_C_IRQHandler                           
00000f6d  RandomColor                                
00001b71  Reset_Handler                              
00001a53  SPI_enableModule                           
0000101f  SPI_initMaster                             
00000563  SVC_Handler                                
00000563  SysTick_Handler                            
000013a5  SystemInit                                 
00000563  T32_INT1_IRQHandler                        
00000563  T32_INT2_IRQHandler                        
00000563  T32_INTC_IRQHandler                        
00000563  TA0_0_IRQHandler                           
00000563  TA0_N_IRQHandler                           
00000563  TA1_0_IRQHandler                           
00000563  TA1_N_IRQHandler                           
00000563  TA2_0_IRQHandler                           
00000563  TA2_N_IRQHandler                           
00000563  TA3_0_IRQHandler                           
00000563  TA3_N_IRQHandler                           
00000563  UsageFault_Handler                         
4000480c  WDTCTL_SYM                                 
00000563  WDT_A_IRQHandler                           
000019f1  WDT_A_holdTimer                            
20010000  __STACK_END                                
00000200  __STACK_SIZE                               
00002c50  __TI_CINIT_Base                            
00002c60  __TI_CINIT_Limit                           
00002c38  __TI_Handler_Table_Base                    
00002c44  __TI_Handler_Table_Limit                   
00001665  __TI_auto_init_nobinit_nopinit             
00001495  __TI_decompress_lzss                       
00001b63  __TI_decompress_none                       
ffffffff  __TI_pprof_out_hndl                        
ffffffff  __TI_prof_data_size                        
ffffffff  __TI_prof_data_start                       
00000000  __TI_static_base__                         
00001b43  __TI_zero_init_nomemset                    
00001207  __aeabi_memcpy                             
00001207  __aeabi_memcpy4                            
00001207  __aeabi_memcpy8                            
ffffffff  __binit__                                  
ffffffff  __c_args__                                 
UNDEFED   __mpu_init                                 
2000fe00  __stack                                    
00001821  _c_int00_noargs                            
20000010  _lock                                      
00000e5f  _nop                                       
UNDEFED   _system_post_cinit                         
00001b87  _system_pre_init                           
20000014  _unlock                                    
00001b8b  abort                                      
ffffffff  binit                                      
00001a6f  colorsMatched                              
20000000  g_sCrystalfontz128x128                     
00002bdc  g_sCrystalfontz128x128_funcs               
00002a1c  g_sFontCmss18b                             
00002ae4  g_sFontCmtt16                              
00001a15  initColor                                  
00000e61  initialize                                 
00000000  interruptVectors                           
0000141d  main                                       
00001207  memcpy                                     
00001891  rand                                       


GLOBAL SYMBOLS: SORTED BY Symbol Address 

address   name                                       
-------   ----                                       
00000000  __TI_static_base__                         
00000000  interruptVectors                           
000000e5  Graphics_drawString                        
00000200  __STACK_SIZE                               
00000563  ADC14_IRQHandler                           
00000563  AES256_IRQHandler                          
00000563  BusFault_Handler                           
00000563  COMP_E0_IRQHandler                         
00000563  COMP_E1_IRQHandler                         
00000563  CS_IRQHandler                              
00000563  DMA_ERR_IRQHandler                         
00000563  DMA_INT0_IRQHandler                        
00000563  DMA_INT1_IRQHandler                        
00000563  DMA_INT2_IRQHandler                        
00000563  DMA_INT3_IRQHandler                        
00000563  DebugMon_Handler                           
00000563  Default_Handler                            
00000563  EUSCIA0_IRQHandler                         
00000563  EUSCIA1_IRQHandler                         
00000563  EUSCIA2_IRQHandler                         
00000563  EUSCIA3_IRQHandler                         
00000563  EUSCIB0_IRQHandler                         
00000563  EUSCIB1_IRQHandler                         
00000563  EUSCIB2_IRQHandler                         
00000563  EUSCIB3_IRQHandler                         
00000563  FLCTL_IRQHandler                           
00000563  FPU_IRQHandler                             
00000563  HardFault_Handler                          
00000563  MemManage_Handler                          
00000563  NMI_Handler                                
00000563  PCM_IRQHandler                             
00000563  PORT1_IRQHandler                           
00000563  PORT2_IRQHandler                           
00000563  PORT3_IRQHandler                           
00000563  PORT4_IRQHandler                           
00000563  PORT5_IRQHandler                           
00000563  PORT6_IRQHandler                           
00000563  PSS_IRQHandler                             
00000563  PendSV_Handler                             
00000563  RTC_C_IRQHandler                           
00000563  SVC_Handler                                
00000563  SysTick_Handler                            
00000563  T32_INT1_IRQHandler                        
00000563  T32_INT2_IRQHandler                        
00000563  T32_INTC_IRQHandler                        
00000563  TA0_0_IRQHandler                           
00000563  TA0_N_IRQHandler                           
00000563  TA1_0_IRQHandler                           
00000563  TA1_N_IRQHandler                           
00000563  TA2_0_IRQHandler                           
00000563  TA2_N_IRQHandler                           
00000563  TA3_0_IRQHandler                           
00000563  TA3_N_IRQHandler                           
00000563  UsageFault_Handler                         
00000563  WDT_A_IRQHandler                           
00000565  BoosterLEDColors                           
000009a5  LED2Colors                                 
00000aed  Crystalfontz128x128_SetDrawFrame           
00000c21  Crystalfontz128x128_Init                   
00000d4d  Graphics_fillRectangle                     
00000e5f  _nop                                       
00000e61  initialize                                 
00000f6d  RandomColor                                
0000101f  SPI_initMaster                             
0000116b  Graphics_drawLineH                         
00001207  __aeabi_memcpy                             
00001207  __aeabi_memcpy4                            
00001207  __aeabi_memcpy8                            
00001207  memcpy                                     
000012a5  GPIO_setAsPeripheralModuleFunctionOutputPin
0000132d  InitGraphics                               
000013a5  SystemInit                                 
0000141d  main                                       
00001495  __TI_decompress_lzss                       
000015bd  Crystalfontz128x128_SetOrientation         
00001611  Graphics_initContext                       
00001665  __TI_auto_init_nobinit_nopinit             
000016e9  GPIO_setAsOutputPin                        
00001769  HAL_LCD_SpiInit                            
000017e9  HAL_LCD_writeCommand                       
00001821  _c_int00_noargs                            
00001859  Graphics_drawHorizontalLineOnDisplay       
00001891  rand                                       
000018c5  HAL_LCD_PortInit                           
00001921  Graphics_drawPixelOnDisplay                
0000194d  HAL_LCD_writeData                          
000019a1  GPIO_setOutputHighOnPin                    
000019c9  GPIO_setOutputLowOnPin                     
000019f1  WDT_A_holdTimer                            
00001a15  initColor                                  
00001a35  Graphics_fillRectangleOnDisplay            
00001a53  SPI_enableModule                           
00001a6f  colorsMatched                              
00001a8b  Graphics_clearDisplayOnDisplay             
00001aa5  Graphics_setBackgroundColor                
00001abf  Graphics_setFont                           
00001ad9  EUSCI_A_SPI_enable                         
00001aef  EUSCI_B_SPI_enable                         
00001b05  Graphics_setForegroundColor                
00001b1b  Graphics_translateColorOnDisplay           
00001b31  Graphics_clearDisplay                      
00001b43  __TI_zero_init_nomemset                    
00001b55  InitFonts                                  
00001b63  __TI_decompress_none                       
00001b71  Reset_Handler                              
00001b87  _system_pre_init                           
00001b8b  C$$EXIT                                    
00001b8b  abort                                      
00002a1c  g_sFontCmss18b                             
00002ae4  g_sFontCmtt16                              
00002bdc  g_sCrystalfontz128x128_funcs               
00002c38  __TI_Handler_Table_Base                    
00002c44  __TI_Handler_Table_Limit                   
00002c50  __TI_CINIT_Base                            
00002c60  __TI_CINIT_Limit                           
20000000  g_sCrystalfontz128x128                     
20000010  _lock                                      
20000014  _unlock                                    
2000001c  Lcd_ScreenHeigth                           
2000001e  Lcd_ScreenWidth                            
20000020  Lcd_TouchTrim                              
20000022  Lcd_FlagRead                               
20000023  Lcd_FontSolid                              
20000024  Lcd_Orientation                            
20000025  Lcd_PenSolid                               
2000fe00  __stack                                    
20010000  __STACK_END                                
4000480c  WDTCTL_SYM                                 
ffffffff  __TI_pprof_out_hndl                        
ffffffff  __TI_prof_data_size                        
ffffffff  __TI_prof_data_start                       
ffffffff  __binit__                                  
ffffffff  __c_args__                                 
ffffffff  binit                                      
UNDEFED   __mpu_init                                 
UNDEFED   _system_post_cinit                         

[136 symbols]
